
> coindrop@0.0.0 lint
> eslint .


C:\Users\Administrator\Documents\reactProjects\coinDrip\coinDrop\backend\ai\categoryAIModel.js
   2:17  error  'require' is not defined  no-undef
  56:1   error  'module' is not defined   no-undef

C:\Users\Administrator\Documents\reactProjects\coinDrip\coinDrop\backend\ai\categoryAIService.js
   2:7   error  'mongoose' is assigned a value but never used  no-unused-vars
   2:18  error  'require' is not defined                       no-undef
   3:18  error  'require' is not defined                       no-undef
   4:25  error  'require' is not defined                       no-undef
  39:1   error  'module' is not defined                        no-undef

C:\Users\Administrator\Documents\reactProjects\coinDrip\coinDrop\backend\config\axios.js
   1:15  error  'require' is not defined  no-undef
   4:14  error  'process' is not defined  no-undef
  10:1   error  'module' is not defined   no-undef

C:\Users\Administrator\Documents\reactProjects\coinDrip\coinDrop\backend\config\categoryInit.js
  1:25  error  'require' is not defined  no-undef
  8:1   error  'module' is not defined   no-undef

C:\Users\Administrator\Documents\reactProjects\coinDrip\coinDrop\backend\config\cloudinary.js
   1:20  error  'require' is not defined  no-undef
   5:21  error  'process' is not defined  no-undef
   6:18  error  'process' is not defined  no-undef
   7:21  error  'process' is not defined  no-undef
  53:1   error  'module' is not defined   no-undef

C:\Users\Administrator\Documents\reactProjects\coinDrip\coinDrop\backend\config\db.js
   3:18  error  'require' is not defined  no-undef
  12:26  error  'process' is not defined  no-undef
  30:26  error  'process' is not defined  no-undef
  36:13  error  'process' is not defined  no-undef
  41:1   error  'module' is not defined   no-undef

C:\Users\Administrator\Documents\reactProjects\coinDrip\coinDrop\backend\controllers\analyticsController.js
    1:21  error  'require' is not defined  no-undef
    2:16  error  'require' is not defined  no-undef
    3:18  error  'require' is not defined  no-undef
  283:1   error  'module' is not defined   no-undef

C:\Users\Administrator\Documents\reactProjects\coinDrip\coinDrop\backend\controllers\authController.js
    1:18  error  'require' is not defined                             no-undef
    2:14  error  'require' is not defined                             no-undef
    3:21  error  'require' is not defined                             no-undef
    4:7   error  'Category' is assigned a value but never used        no-unused-vars
    4:18  error  'require' is not defined                             no-undef
    5:7   error  'SavingsAccount' is assigned a value but never used  no-unused-vars
    5:24  error  'require' is not defined                             no-undef
    6:30  error  'require' is not defined                             no-undef
    7:16  error  'require' is not defined                             no-undef
    8:13  error  'require' is not defined                             no-undef
    9:1   error  'require' is not defined                             no-undef
   20:18  error  'err' is defined but never used                      no-unused-vars
   27:13  error  'process' is not defined                             no-undef
   33:13  error  'process' is not defined                             no-undef
  157:26  error  'process' is not defined                             no-undef
  278:58  error  'process' is not defined                             no-undef
  548:1   error  'module' is not defined                              no-undef

C:\Users\Administrator\Documents\reactProjects\coinDrip\coinDrop\backend\controllers\budgetController.js
    1:16  error  'require' is not defined                          no-undef
    2:7   error  'Transaction' is assigned a value but never used  no-unused-vars
    2:21  error  'require' is not defined                          no-undef
    3:18  error  'require' is not defined                          no-undef
    4:18  error  'require' is not defined                          no-undef
    5:16  error  'require' is not defined                          no-undef
  340:1   error  'module' is not defined                           no-undef

C:\Users\Administrator\Documents\reactProjects\coinDrip\coinDrop\backend\controllers\categoryController.js
    1:18  error  'require' is not defined          no-undef
    2:21  error  'require' is not defined          no-undef
    3:16  error  'require' is not defined          no-undef
    4:18  error  'require' is not defined          no-undef
    6:45  error  Unnecessary escape character: \/  no-useless-escape
  649:1   error  'module' is not defined           no-undef

C:\Users\Administrator\Documents\reactProjects\coinDrip\coinDrop\backend\controllers\educationController.js
    1:19  error  'require' is not defined                         no-undef
    2:7   error  'cloudinary' is assigned a value but never used  no-unused-vars
    2:20  error  'require' is not defined                         no-undef
    3:7   error  'Image' is assigned a value but never used       no-unused-vars
    3:15  error  'require' is not defined                         no-undef
    4:22  error  'require' is not defined                         no-undef
    5:7   error  'fs' is assigned a value but never used          no-unused-vars
    5:12  error  'require' is not defined                         no-undef
  241:1   error  'module' is not defined                          no-undef

C:\Users\Administrator\Documents\reactProjects\coinDrip\coinDrop\backend\controllers\imageController.js
   1:20  error  'require' is not defined  no-undef
   2:15  error  'require' is not defined  no-undef
   3:30  error  'require' is not defined  no-undef
  60:1   error  'module' is not defined   no-undef

C:\Users\Administrator\Documents\reactProjects\coinDrip\coinDrop\backend\controllers\notificationController.js
   1:22  error  'require' is not defined                   no-undef
   2:7   error  'User' is assigned a value but never used  no-unused-vars
   2:14  error  'require' is not defined                   no-undef
   5:1   error  'exports' is not defined                   no-undef
  19:1   error  'exports' is not defined                   no-undef
  39:1   error  'exports' is not defined                   no-undef

C:\Users\Administrator\Documents\reactProjects\coinDrip\coinDrop\backend\controllers\profileController.js
    1:7   error  'cloudinary' is assigned a value but never used        no-unused-vars
    1:20  error  'require' is not defined                               no-undef
    2:21  error  'require' is not defined                               no-undef
    3:22  error  'require' is not defined                               no-undef
    4:14  error  'require' is not defined                               no-undef
    5:9   error  'validationResult' is assigned a value but never used  no-unused-vars
    5:30  error  'require' is not defined                               no-undef
    7:7   error  'allowedInterests' is assigned a value but never used  no-unused-vars
  290:1   error  'module' is not defined                                no-undef

C:\Users\Administrator\Documents\reactProjects\coinDrip\coinDrop\backend\controllers\reportController.js
    1:21  error  'require' is not defined                                  no-undef
    2:16  error  'require' is not defined                                  no-undef
    3:16  error  'require' is not defined                                  no-undef
    4:7   error  'mongoose' is assigned a value but never used             no-unused-vars
    4:18  error  'require' is not defined                                  no-undef
    5:21  error  'require' is not defined                                  no-undef
    6:17  error  'require' is not defined                                  no-undef
    7:16  error  'require' is not defined                                  no-undef
    8:9   error  'format' is assigned a value but never used               no-unused-vars
    8:20  error  'require' is not defined                                  no-undef
    9:16  error  'require' is not defined                                  no-undef
   10:14  error  'require' is not defined                                  no-undef
   11:12  error  'require' is not defined                                  no-undef
   12:53  error  'require' is not defined                                  no-undef
   13:9   error  'storeReportMetadata' is assigned a value but never used  no-unused-vars
   13:54  error  'require' is not defined                                  no-undef
   14:9   error  'saveBufferToFile' is assigned a value but never used     no-unused-vars
   14:30  error  'require' is not defined                                  no-undef
   77:51  error  '__dirname' is not defined                                no-undef
  217:39  error  'Buffer' is not defined                                   no-undef
  311:1   error  'module' is not defined                                   no-undef

C:\Users\Administrator\Documents\reactProjects\coinDrip\coinDrop\backend\controllers\savingsAccountController.js
    1:24  error  'require' is not defined           no-undef
    2:16  error  'require' is not defined           no-undef
    3:21  error  'require' is not defined           no-undef
    4:18  error  'require' is not defined           no-undef
  167:18  error  'error' is defined but never used  no-unused-vars
  183:18  error  'error' is defined but never used  no-unused-vars
  270:1   error  'module' is not defined            no-undef

C:\Users\Administrator\Documents\reactProjects\coinDrip\coinDrop\backend\controllers\savingsGoalController.js
    1:21  error  'require' is not defined           no-undef
    2:24  error  'require' is not defined           no-undef
    3:18  error  'require' is not defined           no-undef
    4:16  error  'require' is not defined           no-undef
    5:18  error  'require' is not defined           no-undef
    6:21  error  'require' is not defined           no-undef
   15:18  error  'error' is defined but never used  no-unused-vars
   36:18  error  'error' is defined but never used  no-unused-vars
   45:18  error  'error' is defined but never used  no-unused-vars
  174:1   error  'module' is not defined            no-undef

C:\Users\Administrator\Documents\reactProjects\coinDrip\coinDrop\backend\controllers\savingsRuleController.js
    1:7   error  'mongoose' is assigned a value but never used  no-unused-vars
    1:18  error  'require' is not defined                       no-undef
    2:21  error  'require' is not defined                       no-undef
    3:40  error  'require' is not defined                       no-undef
  141:1   error  'module' is not defined                        no-undef

C:\Users\Administrator\Documents\reactProjects\coinDrip\coinDrop\backend\controllers\settingsController.js
    1:22  error  'require' is not defined  no-undef
    2:16  error  'require' is not defined  no-undef
  146:1   error  'module' is not defined   no-undef

C:\Users\Administrator\Documents\reactProjects\coinDrip\coinDrop\backend\controllers\transactionController.js
    1:21  error  'require' is not defined                             no-undef
    2:18  error  'require' is not defined                             no-undef
    3:16  error  'require' is not defined                             no-undef
    4:16  error  'require' is not defined                             no-undef
    5:7   error  'SavingsAccount' is assigned a value but never used  no-unused-vars
    5:24  error  'require' is not defined                             no-undef
    6:18  error  'require' is not defined                             no-undef
    7:25  error  'require' is not defined                             no-undef
    8:40  error  'require' is not defined                             no-undef
  202:17  error  'minAmount' is assigned a value but never used       no-unused-vars
  203:17  error  'maxAmount' is assigned a value but never used       no-unused-vars
  361:5   error  Duplicate name 'createTransactionForBudget'          no-dupe-class-members
  429:1   error  'module' is not defined                              no-undef

C:\Users\Administrator\Documents\reactProjects\coinDrip\coinDrop\backend\controllers\walletController.js
    1:16  error  'require' is not defined  no-undef
    2:21  error  'require' is not defined  no-undef
    3:18  error  'require' is not defined  no-undef
    4:18  error  'require' is not defined  no-undef
  273:35  error  'Budget' is not defined   no-undef
  285:1   error  'module' is not defined   no-undef

C:\Users\Administrator\Documents\reactProjects\coinDrip\coinDrop\backend\controllers\zhipuaiController.js
    1:16  error  'require' is not defined               no-undef
    2:18  error  'require' is not defined               no-undef
    3:24  error  'require' is not defined               no-undef
   99:22  error  'e' is defined but never used          no-unused-vars
  138:19  error  '_' is defined but never used          no-unused-vars
  158:53  error  'userId' is defined but never used     no-unused-vars
  158:61  error  'startDate' is defined but never used  no-unused-vars
  158:72  error  'endDate' is defined but never used    no-unused-vars
  163:34  error  'userId' is defined but never used     no-unused-vars
  163:42  error  'startDate' is defined but never used  no-unused-vars
  163:53  error  'endDate' is defined but never used    no-unused-vars
  168:1   error  'exports' is not defined               no-undef
  251:30  error  'require' is not defined               no-undef
  276:36  error  'require' is not defined               no-undef
  324:58  error  'ctx' is not defined                   no-undef
  343:24  error  'require' is not defined               no-undef
  361:29  error  'require' is not defined               no-undef
  376:22  error  'e' is defined but never used          no-unused-vars
  555:1   error  'exports' is not defined               no-undef
  584:1   error  'exports' is not defined               no-undef
  595:1   error  'exports' is not defined               no-undef
  620:1   error  'exports' is not defined               no-undef
  662:1   error  'exports' is not defined               no-undef
  681:28  error  'require' is not defined               no-undef
  694:1   error  'module' is not defined                no-undef
  695:18  error  'exports' is not defined               no-undef
  696:25  error  'exports' is not defined               no-undef
  697:27  error  'exports' is not defined               no-undef
  698:28  error  'exports' is not defined               no-undef
  699:25  error  'exports' is not defined               no-undef
  700:21  error  'exports' is not defined               no-undef

C:\Users\Administrator\Documents\reactProjects\coinDrip\coinDrop\backend\middleware\authMiddleware.js
    1:13  error  'require' is not defined                          no-undef
    2:7   error  'UserProfile' is assigned a value but never used  no-unused-vars
    2:21  error  'require' is not defined                          no-undef
   13:43  error  'process' is not defined                          no-undef
  108:1   error  'module' is not defined                           no-undef

C:\Users\Administrator\Documents\reactProjects\coinDrip\coinDrop\backend\middleware\validationMiddleware.js
   1:30  error  'require' is not defined  no-undef
  20:1   error  'module' is not defined   no-undef

C:\Users\Administrator\Documents\reactProjects\coinDrip\coinDrop\backend\models\Budget.js
    1:18  error  'require' is not defined        no-undef
  104:13  error  'categoryQuery' is not defined  no-undef
  112:34  error  'categoryQuery' is not defined  no-undef
  157:1   error  'module' is not defined         no-undef

C:\Users\Administrator\Documents\reactProjects\coinDrip\coinDrop\backend\models\Category.js
   1:18  error  'require' is not defined  no-undef
  94:1   error  'module' is not defined   no-undef

C:\Users\Administrator\Documents\reactProjects\coinDrip\coinDrop\backend\models\Community.js
    1:18  error  'require' is not defined  no-undef
  184:1   error  'module' is not defined   no-undef

C:\Users\Administrator\Documents\reactProjects\coinDrip\coinDrop\backend\models\Education.js
   1:18  error  'require' is not defined  no-undef
  64:1   error  'module' is not defined   no-undef

C:\Users\Administrator\Documents\reactProjects\coinDrip\coinDrop\backend\models\Image.js
   1:18  error  'require' is not defined  no-undef
  40:1   error  'module' is not defined   no-undef

C:\Users\Administrator\Documents\reactProjects\coinDrip\coinDrop\backend\models\Notification.js
   1:18  error  'require' is not defined  no-undef
  63:1   error  'module' is not defined   no-undef

C:\Users\Administrator\Documents\reactProjects\coinDrip\coinDrop\backend\models\Post.js
    1:18  error  'require' is not defined  no-undef
  161:1   error  'module' is not defined   no-undef

C:\Users\Administrator\Documents\reactProjects\coinDrip\coinDrop\backend\models\Receipt.js
   1:18  error  'require' is not defined  no-undef
  57:1   error  'module' is not defined   no-undef

C:\Users\Administrator\Documents\reactProjects\coinDrip\coinDrop\backend\models\Report.js
   1:18  error  'require' is not defined  no-undef
  32:1   error  'module' is not defined   no-undef

C:\Users\Administrator\Documents\reactProjects\coinDrip\coinDrop\backend\models\SavingsAccount.js
   1:18  error  'require' is not defined  no-undef
  47:1   error  'module' is not defined   no-undef

C:\Users\Administrator\Documents\reactProjects\coinDrip\coinDrop\backend\models\SavingsGoal.js
   1:18  error  'require' is not defined  no-undef
  38:1   error  'module' is not defined   no-undef

C:\Users\Administrator\Documents\reactProjects\coinDrip\coinDrop\backend\models\SavingsRule.js
   1:18  error  'require' is not defined  no-undef
  67:1   error  'module' is not defined   no-undef

C:\Users\Administrator\Documents\reactProjects\coinDrip\coinDrop\backend\models\Transaction.js
    1:18  error  'require' is not defined  no-undef
  141:1   error  'module' is not defined   no-undef

C:\Users\Administrator\Documents\reactProjects\coinDrip\coinDrop\backend\models\User.js
    1:18  error  'require' is not defined  no-undef
    2:16  error  'require' is not defined  no-undef
    3:13  error  'require' is not defined  no-undef
    4:19  error  'require' is not defined  no-undef
  103:9   error  'process' is not defined  no-undef
  105:24  error  'process' is not defined  no-undef
  134:1   error  'module' is not defined   no-undef

C:\Users\Administrator\Documents\reactProjects\coinDrip\coinDrop\backend\models\UserProfile.js
    1:18  error  'require' is not defined  no-undef
  102:1   error  'module' is not defined   no-undef

C:\Users\Administrator\Documents\reactProjects\coinDrip\coinDrop\backend\models\UserSettings.js
   1:18  error  'require' is not defined  no-undef
  70:1   error  'module' is not defined   no-undef

C:\Users\Administrator\Documents\reactProjects\coinDrip\coinDrop\backend\models\Wallet.js
   1:18  error  'require' is not defined  no-undef
   2:19  error  'require' is not defined  no-undef
  93:1   error  'module' is not defined   no-undef

C:\Users\Administrator\Documents\reactProjects\coinDrip\coinDrop\backend\routes\analyticsRoutes.js
    1:17  error  'require' is not defined                      no-undef
    2:28  error  'require' is not defined                      no-undef
    3:21  error  'require' is not defined                      no-undef
    4:21  error  'require' is not defined                      no-undef
    5:29  error  'require' is not defined                      no-undef
    6:19  error  'require' is not defined                      no-undef
   97:30  error  'profile' is assigned a value but never used  no-unused-vars
  181:1   error  'module' is not defined                       no-undef

C:\Users\Administrator\Documents\reactProjects\coinDrip\coinDrop\backend\routes\authRoutes.js
    1:17  error  'require' is not defined  no-undef
    3:18  error  'require' is not defined  no-undef
    4:24  error  'require' is not defined  no-undef
    5:28  error  'require' is not defined  no-undef
  116:1   error  'module' is not defined   no-undef

C:\Users\Administrator\Documents\reactProjects\coinDrip\coinDrop\backend\routes\budgetRoutes.js
   1:17  error  'require' is not defined  no-undef
   3:25  error  'require' is not defined  no-undef
   4:26  error  'require' is not defined  no-undef
   5:28  error  'require' is not defined  no-undef
  73:1   error  'module' is not defined   no-undef

C:\Users\Administrator\Documents\reactProjects\coinDrip\coinDrop\backend\routes\categoryRoutes.js
   1:17  error  'require' is not defined  no-undef
   2:28  error  'require' is not defined  no-undef
   4:28  error  'require' is not defined  no-undef
   5:25  error  'require' is not defined  no-undef
  48:1   error  'module' is not defined   no-undef

C:\Users\Administrator\Documents\reactProjects\coinDrip\coinDrop\backend\routes\educationRoutes.js
   1:17  error  'require' is not defined  no-undef
   3:18  error  'require' is not defined  no-undef
   4:29  error  'require' is not defined  no-undef
   5:28  error  'require' is not defined  no-undef
   6:34  error  'require' is not defined  no-undef
   7:16  error  'require' is not defined  no-undef
  56:1   error  'module' is not defined   no-undef

C:\Users\Administrator\Documents\reactProjects\coinDrip\coinDrop\backend\routes\imageRoutes.js
   1:17  error  'require' is not defined  no-undef
   3:25  error  'require' is not defined  no-undef
   4:28  error  'require' is not defined  no-undef
   5:16  error  'require' is not defined  no-undef
  29:1   error  'module' is not defined   no-undef

C:\Users\Administrator\Documents\reactProjects\coinDrip\coinDrop\backend\routes\profileRoutes.js
   1:17  error  'require' is not defined                                no-undef
   2:18  error  'require' is not defined                                no-undef
   3:28  error  'require' is not defined                                no-undef
   4:27  error  'require' is not defined                                no-undef
   5:16  error  'require' is not defined                                no-undef
  28:7   error  'profileValidation' is assigned a value but never used  no-unused-vars
  59:1   error  'module' is not defined                                 no-undef

C:\Users\Administrator\Documents\reactProjects\coinDrip\coinDrop\backend\routes\receiptRoutes.js
   1:17  error  'require' is not defined              no-undef
   2:16  error  'require' is not defined              no-undef
   3:14  error  'require' is not defined              no-undef
   4:12  error  'require' is not defined              no-undef
   5:24  error  'require' is not defined              no-undef
   9:30  error  '__dirname' is not defined            no-undef
  44:31  error  'filePath' is defined but never used  no-unused-vars
  84:1   error  'module' is not defined               no-undef

C:\Users\Administrator\Documents\reactProjects\coinDrip\coinDrop\backend\routes\reportRoutes.js
    1:17  error  'require' is not defined                                   no-undef
    3:9   error  'getReportFromStorage' is assigned a value but never used  no-unused-vars
    3:34  error  'require' is not defined                                   no-undef
    4:28  error  'require' is not defined                                   no-undef
    5:16  error  'require' is not defined                                   no-undef
    6:26  error  'require' is not defined                                   no-undef
    7:30  error  'require' is not defined                                   no-undef
    8:21  error  'require' is not defined                                   no-undef
   10:7   error  'getGlobalReportData' is assigned a value but never used   no-unused-vars
   15:7   error  'getAccountReportData' is assigned a value but never used  no-unused-vars
   71:12  error  'error' is defined but never used                          no-unused-vars
  134:1   error  'module' is not defined                                    no-undef

C:\Users\Administrator\Documents\reactProjects\coinDrip\coinDrop\backend\routes\savingsAccountRoutes.js
   1:17  error  'require' is not defined  no-undef
   3:34  error  'require' is not defined  no-undef
   4:28  error  'require' is not defined  no-undef
  30:1   error  'module' is not defined   no-undef

C:\Users\Administrator\Documents\reactProjects\coinDrip\coinDrop\backend\routes\savingsGoalRoutes.js
   1:17  error  'require' is not defined  no-undef
   3:31  error  'require' is not defined  no-undef
   4:28  error  'require' is not defined  no-undef
  23:1   error  'module' is not defined   no-undef

C:\Users\Administrator\Documents\reactProjects\coinDrip\coinDrop\backend\routes\savingsRuleRoutes.js
   2:17  error  'require' is not defined  no-undef
   4:31  error  'require' is not defined  no-undef
   5:28  error  'require' is not defined  no-undef
   6:18  error  'require' is not defined  no-undef
   7:34  error  'require' is not defined  no-undef
  86:1   error  'module' is not defined   no-undef

C:\Users\Administrator\Documents\reactProjects\coinDrip\coinDrop\backend\routes\settingsRoutes.js
   1:17  error  'require' is not defined                             no-undef
   3:18  error  'require' is not defined                             no-undef
   4:28  error  'require' is not defined                             no-undef
   5:7   error  'AuthController' is assigned a value but never used  no-unused-vars
   5:24  error  'require' is not defined                             no-undef
   6:28  error  'require' is not defined                             no-undef
  48:1   error  'module' is not defined                              no-undef

C:\Users\Administrator\Documents\reactProjects\coinDrip\coinDrop\backend\routes\transactionRoutes.js
   1:17  error  'require' is not defined  no-undef
   3:31  error  'require' is not defined  no-undef
   4:28  error  'require' is not defined  no-undef
  17:1   error  'module' is not defined   no-undef

C:\Users\Administrator\Documents\reactProjects\coinDrip\coinDrop\backend\routes\walletRoutes.js
   1:17  error  'require' is not defined  no-undef
   3:18  error  'require' is not defined  no-undef
   4:26  error  'require' is not defined  no-undef
   5:28  error  'require' is not defined  no-undef
  49:1   error  'module' is not defined   no-undef

C:\Users\Administrator\Documents\reactProjects\coinDrip\coinDrop\backend\routes\zhipuaiRoutes.js
   1:17  error  'require' is not defined  no-undef
   3:20  error  'require' is not defined  no-undef
   4:28  error  'require' is not defined  no-undef
  13:1   error  'module' is not defined   no-undef

C:\Users\Administrator\Documents\reactProjects\coinDrip\coinDrop\backend\scripts\generate-jwt-secret.js
   1:16  error  'require' is not defined           no-undef
   2:12  error  'require' is not defined           no-undef
   3:14  error  'require' is not defined           no-undef
  11:27  error  '__dirname' is not defined         no-undef
  20:10  error  'error' is defined but never used  no-unused-vars

C:\Users\Administrator\Documents\reactProjects\coinDrip\coinDrop\backend\seeders\clearDatabase.js
    1:14  error  'require' is not defined    no-undef
    2:1   error  'require' is not defined    no-undef
    2:44  error  '__dirname' is not defined  no-undef
    3:18  error  'require' is not defined    no-undef
    4:14  error  'require' is not defined    no-undef
    5:16  error  'require' is not defined    no-undef
    6:21  error  'require' is not defined    no-undef
    7:18  error  'require' is not defined    no-undef
    8:16  error  'require' is not defined    no-undef
    9:24  error  'require' is not defined    no-undef
   10:19  error  'require' is not defined    no-undef
   11:21  error  'require' is not defined    no-undef
   12:21  error  'require' is not defined    no-undef
   13:21  error  'require' is not defined    no-undef
   19:32  error  'process' is not defined    no-undef
  101:9   error  'process' is not defined    no-undef
  109:9   error  'process' is not defined    no-undef

C:\Users\Administrator\Documents\reactProjects\coinDrip\coinDrop\backend\seeders\databaseSeeder.js
    1:14  error  'require' is not defined                     no-undef
    2:1   error  'require' is not defined                     no-undef
    2:44  error  '__dirname' is not defined                   no-undef
    3:18  error  'require' is not defined                     no-undef
    4:7   error  'bcrypt' is assigned a value but never used  no-unused-vars
    4:16  error  'require' is not defined                     no-undef
    5:14  error  'require' is not defined                     no-undef
    6:16  error  'require' is not defined                     no-undef
    7:21  error  'require' is not defined                     no-undef
    8:18  error  'require' is not defined                     no-undef
    9:16  error  'require' is not defined                     no-undef
   10:24  error  'require' is not defined                     no-undef
   11:19  error  'require' is not defined                     no-undef
   12:21  error  'require' is not defined                     no-undef
   13:21  error  'require' is not defined                     no-undef
   14:21  error  'require' is not defined                     no-undef
  686:9   error  'process' is not defined                     no-undef
  689:9   error  'process' is not defined                     no-undef
  695:14  error  'process' is not defined                     no-undef
  705:9   error  'process' is not defined                     no-undef

C:\Users\Administrator\Documents\reactProjects\coinDrip\coinDrop\backend\seeders\registerUsers.js
    1:18  error  'require' is not defined    no-undef
    2:1   error  'require' is not defined    no-undef
    2:34  error  'require' is not defined    no-undef
    2:55  error  '__dirname' is not defined  no-undef
    5:14  error  'require' is not defined    no-undef
    6:16  error  'require' is not defined    no-undef
    7:21  error  'require' is not defined    no-undef
    8:18  error  'require' is not defined    no-undef
    9:16  error  'require' is not defined    no-undef
   10:24  error  'require' is not defined    no-undef
   11:19  error  'require' is not defined    no-undef
   12:21  error  'require' is not defined    no-undef
   13:21  error  'require' is not defined    no-undef
   14:21  error  'require' is not defined    no-undef
   62:9   error  'process' is not defined    no-undef
   97:9   error  'process' is not defined    no-undef
  100:9   error  'process' is not defined    no-undef
  106:14  error  'process' is not defined    no-undef
  114:9   error  'process' is not defined    no-undef

C:\Users\Administrator\Documents\reactProjects\coinDrip\coinDrop\backend\server.js
    1:1   error  'require' is not defined          no-undef
    2:17  error  'require' is not defined          no-undef
    3:18  error  'require' is not defined          no-undef
    4:14  error  'require' is not defined          no-undef
    5:19  error  'require' is not defined          no-undef
    6:33  error  'require' is not defined          no-undef
    7:23  error  'require' is not defined          no-undef
    8:20  error  'require' is not defined          no-undef
    9:27  error  'require' is not defined          no-undef
   10:22  error  'require' is not defined          no-undef
   11:22  error  'require' is not defined          no-undef
   12:24  error  'require' is not defined          no-undef
   13:23  error  'require' is not defined          no-undef
   14:24  error  'require' is not defined          no-undef
   15:25  error  'require' is not defined          no-undef
   16:30  error  'require' is not defined          no-undef
   17:27  error  'require' is not defined          no-undef
   18:27  error  'require' is not defined          no-undef
   19:23  error  'require' is not defined          no-undef
   20:21  error  'require' is not defined          no-undef
   21:22  error  'require' is not defined          no-undef
   24:26  error  'require' is not defined          no-undef
   25:22  error  'require' is not defined          no-undef
   44:13  error  'process' is not defined          no-undef
   86:14  error  'process' is not defined          no-undef
   91:20  error  'next' is defined but never used  no-unused-vars
   99:25  error  'next' is defined but never used  no-unused-vars
  104:13  error  'process' is not defined          no-undef
  108:14  error  'process' is not defined          no-undef
  111:38  error  'process' is not defined          no-undef
  115:1   error  'process' is not defined          no-undef
  121:13  error  'process' is not defined          no-undef
  126:1   error  'module' is not defined           no-undef

C:\Users\Administrator\Documents\reactProjects\coinDrip\coinDrop\backend\services\aiClient.js
    1:19  error  'require' is not defined         no-undef
    2:14  error  'require' is not defined         no-undef
    3:25  error  'require' is not defined         no-undef
   20:3   error  'process' is not defined         no-undef
   25:16  error  'err' is defined but never used  no-unused-vars
   51:32  error  '__dirname' is not defined       no-undef
  149:18  error  'err' is defined but never used  no-unused-vars
  188:35  error  'e' is defined but never used    no-unused-vars
  206:34  error  '__dirname' is not defined       no-undef
  246:1   error  'module' is not defined          no-undef

C:\Users\Administrator\Documents\reactProjects\coinDrip\coinDrop\backend\services\categoryService.js
   2:7   error  'mongoose' is assigned a value but never used  no-unused-vars
   2:18  error  'require' is not defined                       no-undef
   3:18  error  'require' is not defined                       no-undef
   4:25  error  'require' is not defined                       no-undef
   5:27  error  'require' is not defined                       no-undef
  74:1   error  'module' is not defined                        no-undef

C:\Users\Administrator\Documents\reactProjects\coinDrip\coinDrop\backend\services\formatters\contextFormatter.js
    8:25  error  'require' is not defined  no-undef
  246:1   error  'module' is not defined   no-undef

C:\Users\Administrator\Documents\reactProjects\coinDrip\coinDrop\backend\services\imageService.js
   1:20  error  'require' is not defined    no-undef
   2:12  error  'require' is not defined    no-undef
   3:14  error  'require' is not defined    no-undef
  17:45  error  '__dirname' is not defined  no-undef
  47:44  error  '__dirname' is not defined  no-undef
  60:1   error  'module' is not defined     no-undef

C:\Users\Administrator\Documents\reactProjects\coinDrip\coinDrop\backend\services\savingsRuleExecutor.js
   1:21  error  'require' is not defined  no-undef
   2:21  error  'require' is not defined  no-undef
   3:16  error  'require' is not defined  no-undef
   4:24  error  'require' is not defined  no-undef
  79:1   error  'module' is not defined   no-undef

C:\Users\Administrator\Documents\reactProjects\coinDrip\coinDrop\backend\services\zhipuaiContextService.js
    1:21  error  'require' is not defined                          no-undef
    2:16  error  'require' is not defined                          no-undef
    3:21  error  'require' is not defined                          no-undef
    4:16  error  'require' is not defined                          no-undef
    5:24  error  'require' is not defined                          no-undef
    6:18  error  'require' is not defined                          no-undef
    7:9   error  'performance' is assigned a value but never used  no-unused-vars
    7:25  error  'require' is not defined                          no-undef
    8:26  error  'require' is not defined                          no-undef
   25:53  error  'userId' is defined but never used                no-unused-vars
   25:61  error  'startDate' is defined but never used             no-unused-vars
   25:72  error  'endDate' is defined but never used               no-unused-vars
   33:34  error  'userId' is defined but never used                no-unused-vars
   33:42  error  'startDate' is defined but never used             no-unused-vars
   33:53  error  'endDate' is defined but never used               no-unused-vars
   69:20  error  'require' is not defined                          no-undef
   88:24  error  'require' is not defined                          no-undef
  291:1   error  'module' is not defined                           no-undef

C:\Users\Administrator\Documents\reactProjects\coinDrip\coinDrop\backend\tests\authController.test.js
   1:17  error  'require' is not defined                        no-undef
   2:18  error  'require' is not defined                        no-undef
   3:13  error  'require' is not defined                        no-undef
   4:14  error  'require' is not defined                        no-undef
   5:44  error  'require' is not defined                        no-undef
   7:1   error  'describe' is not defined                       no-undef
   8:9   error  'authToken' is assigned a value but never used  no-unused-vars
  11:5   error  'beforeAll' is not defined                      no-undef
  17:5   error  'beforeEach' is not defined                     no-undef
  21:5   error  'afterAll' is not defined                       no-undef
  25:5   error  'describe' is not defined                       no-undef
  26:9   error  'it' is not defined                             no-undef
  39:13  error  'expect' is not defined                         no-undef
  40:13  error  'expect' is not defined                         no-undef
  41:13  error  'expect' is not defined                         no-undef
  47:9   error  'it' is not defined                             no-undef
  58:13  error  'expect' is not defined                         no-undef
  59:13  error  'expect' is not defined                         no-undef
  63:5   error  'describe' is not defined                       no-undef
  64:9   error  'it' is not defined                             no-undef
  65:19  error  'user' is assigned a value but never used       no-unused-vars
  80:13  error  'expect' is not defined                         no-undef
  81:13  error  'expect' is not defined                         no-undef
  84:9   error  'it' is not defined                             no-undef
  92:13  error  'expect' is not defined                         no-undef
  93:13  error  'expect' is not defined                         no-undef

C:\Users\Administrator\Documents\reactProjects\coinDrip\coinDrop\backend\tests\budget.test.js
   1:17  error  'require' is not defined     no-undef
   2:18  error  'require' is not defined     no-undef
   3:13  error  'require' is not defined     no-undef
   4:16  error  'require' is not defined     no-undef
   5:44  error  'require' is not defined     no-undef
   7:1   error  'describe' is not defined    no-undef
  11:5   error  'beforeAll' is not defined   no-undef
  17:5   error  'beforeEach' is not defined  no-undef
  21:5   error  'afterAll' is not defined    no-undef
  25:5   error  'describe' is not defined    no-undef
  26:9   error  'it' is not defined          no-undef
  39:13  error  'expect' is not defined      no-undef
  40:13  error  'expect' is not defined      no-undef
  48:5   error  'describe' is not defined    no-undef
  49:9   error  'it' is not defined          no-undef
  61:13  error  'expect' is not defined      no-undef
  62:13  error  'expect' is not defined      no-undef
  63:13  error  'expect' is not defined      no-undef

C:\Users\Administrator\Documents\reactProjects\coinDrip\coinDrop\backend\tests\category.test.js
    1:17  error  'require' is not defined     no-undef
    2:18  error  'require' is not defined     no-undef
    3:13  error  'require' is not defined     no-undef
    4:18  error  'require' is not defined     no-undef
    5:21  error  'require' is not defined     no-undef
    6:44  error  'require' is not defined     no-undef
    8:1   error  'describe' is not defined    no-undef
   12:5   error  'beforeAll' is not defined   no-undef
   18:5   error  'beforeEach' is not defined  no-undef
   23:5   error  'afterAll' is not defined    no-undef
   27:5   error  'describe' is not defined    no-undef
   28:9   error  'it' is not defined          no-undef
   47:13  error  'expect' is not defined      no-undef
   48:13  error  'expect' is not defined      no-undef
   49:13  error  'expect' is not defined      no-undef
   53:5   error  'describe' is not defined    no-undef
   54:9   error  'it' is not defined          no-undef
   77:13  error  'expect' is not defined      no-undef
   78:13  error  'expect' is not defined      no-undef
   79:13  error  'expect' is not defined      no-undef
   80:13  error  'expect' is not defined      no-undef
   83:9   error  'it' is not defined          no-undef
  106:13  error  'expect' is not defined      no-undef
  107:13  error  'expect' is not defined      no-undef
  108:13  error  'expect' is not defined      no-undef
  112:5   error  'describe' is not defined    no-undef
  113:9   error  'it' is not defined          no-undef
  131:13  error  'expect' is not defined      no-undef
  134:13  error  'expect' is not defined      no-undef
  135:17  error  'expect' is not defined      no-undef
  142:5   error  'describe' is not defined    no-undef
  143:9   error  'it' is not defined          no-undef
  175:13  error  'expect' is not defined      no-undef
  176:13  error  'expect' is not defined      no-undef
  177:13  error  'expect' is not defined      no-undef
  178:13  error  'expect' is not defined      no-undef

C:\Users\Administrator\Documents\reactProjects\coinDrip\coinDrop\backend\tests\categoryTestAIModel.js
   2:7   error  'path' is assigned a value but never used  no-unused-vars
   2:14  error  'require' is not defined                   no-undef
   3:1   error  'require' is not defined                   no-undef
   5:18  error  'require' is not defined                   no-undef
   6:25  error  'require' is not defined                   no-undef
   7:18  error  'require' is not defined                   no-undef
   8:25  error  'require' is not defined                   no-undef
  36:28  error  'process' is not defined                   no-undef

C:\Users\Administrator\Documents\reactProjects\coinDrip\coinDrop\backend\tests\education.test.js
   1:17  error  'require' is not defined     no-undef
   2:18  error  'require' is not defined     no-undef
   3:13  error  'require' is not defined     no-undef
   4:19  error  'require' is not defined     no-undef
   5:44  error  'require' is not defined     no-undef
   7:1   error  'describe' is not defined    no-undef
  11:5   error  'beforeAll' is not defined   no-undef
  17:5   error  'beforeEach' is not defined  no-undef
  21:5   error  'afterAll' is not defined    no-undef
  25:5   error  'describe' is not defined    no-undef
  26:9   error  'it' is not defined          no-undef
  40:13  error  'expect' is not defined      no-undef
  41:13  error  'expect' is not defined      no-undef
  48:5   error  'describe' is not defined    no-undef
  49:9   error  'it' is not defined          no-undef
  61:13  error  'expect' is not defined      no-undef
  62:13  error  'expect' is not defined      no-undef
  63:13  error  'expect' is not defined      no-undef

C:\Users\Administrator\Documents\reactProjects\coinDrip\coinDrop\backend\tests\notification.test.js
   1:17  error  'require' is not defined     no-undef
   2:18  error  'require' is not defined     no-undef
   3:13  error  'require' is not defined     no-undef
   4:22  error  'require' is not defined     no-undef
   5:44  error  'require' is not defined     no-undef
   7:1   error  'describe' is not defined    no-undef
  11:5   error  'beforeAll' is not defined   no-undef
  17:5   error  'beforeEach' is not defined  no-undef
  21:5   error  'afterAll' is not defined    no-undef
  25:5   error  'describe' is not defined    no-undef
  26:9   error  'it' is not defined          no-undef
  36:13  error  'expect' is not defined      no-undef
  37:13  error  'expect' is not defined      no-undef
  45:5   error  'describe' is not defined    no-undef
  46:9   error  'it' is not defined          no-undef
  57:13  error  'expect' is not defined      no-undef
  58:13  error  'expect' is not defined      no-undef

C:\Users\Administrator\Documents\reactProjects\coinDrip\coinDrop\backend\tests\reportGenerator.test.js
   1:51  error  'getReportFromStorage' is assigned a value but never used  no-unused-vars
   1:76  error  'require' is not defined                                   no-undef
   2:12  error  'require' is not defined                                   no-undef
   3:14  error  'require' is not defined                                   no-undef
   5:1   error  'describe' is not defined                                  no-undef
   6:38  error  '__dirname' is not defined                                 no-undef
   8:5   error  'afterEach' is not defined                                 no-undef
  11:18  error  'error' is defined but never used                          no-unused-vars
  16:5   error  'describe' is not defined                                  no-undef
  17:9   error  'it' is not defined                                        no-undef
  24:13  error  'expect' is not defined                                    no-undef
  29:13  error  'expect' is not defined                                    no-undef
  33:5   error  'describe' is not defined                                  no-undef
  34:9   error  'it' is not defined                                        no-undef
  42:13  error  'expect' is not defined                                    no-undef

C:\Users\Administrator\Documents\reactProjects\coinDrip\coinDrop\backend\tests\testUtils.js
   1:18  error  'require' is not defined  no-undef
   2:13  error  'require' is not defined  no-undef
   7:21  error  'process' is not defined  no-undef
  21:9   error  'process' is not defined  no-undef
  26:1   error  'module' is not defined   no-undef

C:\Users\Administrator\Documents\reactProjects\coinDrip\coinDrop\backend\tests\userSettings.test.js
   1:17  error  'require' is not defined     no-undef
   2:18  error  'require' is not defined     no-undef
   3:13  error  'require' is not defined     no-undef
   4:22  error  'require' is not defined     no-undef
   5:44  error  'require' is not defined     no-undef
   7:1   error  'describe' is not defined    no-undef
  11:5   error  'beforeAll' is not defined   no-undef
  17:5   error  'beforeEach' is not defined  no-undef
  21:5   error  'afterAll' is not defined    no-undef
  25:5   error  'describe' is not defined    no-undef
  26:9   error  'it' is not defined          no-undef
  38:13  error  'expect' is not defined      no-undef
  39:13  error  'expect' is not defined      no-undef
  49:5   error  'describe' is not defined    no-undef
  50:9   error  'it' is not defined          no-undef
  63:13  error  'expect' is not defined      no-undef
  64:13  error  'expect' is not defined      no-undef

C:\Users\Administrator\Documents\reactProjects\coinDrip\coinDrop\backend\tests\validationMiddleware.test.js
   1:34  error  'require' is not defined                               no-undef
   2:9   error  'validationResult' is assigned a value but never used  no-unused-vars
   2:30  error  'require' is not defined                               no-undef
   3:19  error  'require' is not defined                               no-undef
   5:1   error  'describe' is not defined                              no-undef
   6:5   error  'it' is not defined                                    no-undef
  14:22  error  'jest' is not defined                                  no-undef
  17:9   error  'expect' is not defined                                no-undef
  20:5   error  'it' is not defined                                    no-undef
  28:22  error  'jest' is not defined                                  no-undef
  31:9   error  'expect' is not defined                                no-undef
  32:9   error  'expect' is not defined                                no-undef

C:\Users\Administrator\Documents\reactProjects\coinDrip\coinDrop\backend\utils\dateUtils.js
   1:16  error  'require' is not defined  no-undef
  67:1   error  'module' is not defined   no-undef

C:\Users\Administrator\Documents\reactProjects\coinDrip\coinDrop\backend\utils\ensureUploadDirs.js
   1:12  error  'require' is not defined    no-undef
   2:14  error  'require' is not defined    no-undef
   3:16  error  'require' is not defined    no-undef
   8:19  error  '__dirname' is not defined  no-undef
   9:19  error  '__dirname' is not defined  no-undef
  10:19  error  '__dirname' is not defined  no-undef
  24:1   error  'module' is not defined     no-undef

C:\Users\Administrator\Documents\reactProjects\coinDrip\coinDrop\backend\utils\errorHandler.js
   1:16  error  'require' is not defined          no-undef
  17:39  error  'next' is defined but never used  no-unused-vars
  31:17  error  'process' is not defined          no-undef
  70:1   error  'module' is not defined           no-undef

C:\Users\Administrator\Documents\reactProjects\coinDrip\coinDrop\backend\utils\fileUtils.js
   4:12  error  'require' is not defined    no-undef
   5:14  error  'require' is not defined    no-undef
   7:31  error  '__dirname' is not defined  no-undef
   8:31  error  '__dirname' is not defined  no-undef
  34:1   error  'module' is not defined     no-undef

C:\Users\Administrator\Documents\reactProjects\coinDrip\coinDrop\backend\utils\generateToken.js
   2:16  error  'require' is not defined           no-undef
   3:13  error  'require' is not defined           no-undef
  15:13  error  'process' is not defined           no-undef
  36:38  error  'process' is not defined           no-undef
  37:18  error  'error' is defined but never used  no-unused-vars
  48:1   error  'module' is not defined            no-undef

C:\Users\Administrator\Documents\reactProjects\coinDrip\coinDrop\backend\utils\logger.js
   2:17  error  'require' is not defined    no-undef
   3:14  error  'require' is not defined    no-undef
  37:12  error  'process' is not defined    no-undef
  48:33  error  '__dirname' is not defined  no-undef
  58:33  error  '__dirname' is not defined  no-undef
  86:1   error  'module' is not defined     no-undef

C:\Users\Administrator\Documents\reactProjects\coinDrip\coinDrop\backend\utils\reportGenerator.js
   1:16  error  'require' is not defined  no-undef
   2:48  error  'require' is not defined  no-undef
   3:26  error  'require' is not defined  no-undef
  68:1   error  'module' is not defined   no-undef

C:\Users\Administrator\Documents\reactProjects\coinDrip\coinDrop\backend\utils\reportStyles.js
  61:1  error  'module' is not defined  no-undef

C:\Users\Administrator\Documents\reactProjects\coinDrip\coinDrop\backend\utils\testPdf.js
   1:21  error  'require' is not defined    no-undef
   2:12  error  'require' is not defined    no-undef
   3:14  error  'require' is not defined    no-undef
  39:25  error  'Buffer' is not defined     no-undef
  43:36  error  '__dirname' is not defined  no-undef
  62:1   error  'module' is not defined     no-undef

C:\Users\Administrator\Documents\reactProjects\coinDrip\coinDrop\backend\utils\validator.js
   2:19  error  'require' is not defined       no-undef
  56:18  error  'e' is defined but never used  no-unused-vars
  62:1   error  'module' is not defined        no-undef

C:\Users\Administrator\Documents\reactProjects\coinDrip\coinDrop\postcss.config.js
  7:22  error  'process' is not defined  no-undef

C:\Users\Administrator\Documents\reactProjects\coinDrip\coinDrop\src\api\axios.js
   4:14  error  Unexpected constant truthiness on the left-hand side of a `||` expression  no-constant-binary-expression
   4:14  error  Unexpected constant truthiness on the left-hand side of a `||` expression  no-constant-binary-expression
   4:45  error  'baseURL' is not defined                                                   no-undef
  11:7   error  'isTokenExpired' is assigned a value but never used                        no-unused-vars
  19:7   error  'refreshToken' is assigned a value but never used                          no-unused-vars

C:\Users\Administrator\Documents\reactProjects\coinDrip\coinDrop\src\assets\loadingSpinner.jsx
  2:8  error  'React' is defined but never used  no-unused-vars

C:\Users\Administrator\Documents\reactProjects\coinDrip\coinDrop\src\components\Auth\ForgotPassword.jsx
  1:8  error  'React' is defined but never used  no-unused-vars

C:\Users\Administrator\Documents\reactProjects\coinDrip\coinDrop\src\components\Auth\ProtectedRoute.jsx
  1:8   error  'React' is defined but never used          no-unused-vars
  6:26  error  'children' is missing in props validation  react/prop-types

C:\Users\Administrator\Documents\reactProjects\coinDrip\coinDrop\src\components\Auth\userLoginForm.jsx
  96:28  error  `'` can be escaped with `&apos;`, `&lsquo;`, `&#39;`, `&rsquo;`  react/no-unescaped-entities

C:\Users\Administrator\Documents\reactProjects\coinDrip\coinDrop\src\components\Budget\budgetAnalytics.jsx
   1:8   error  'React' is defined but never used                no-unused-vars
  10:28  error  'budget' is missing in props validation          react/prop-types
  10:36  error  'transactions' is missing in props validation    react/prop-types
  10:50  error  'filter' is missing in props validation          react/prop-types
  10:58  error  'onFilterChange' is missing in props validation  react/prop-types

C:\Users\Administrator\Documents\reactProjects\coinDrip\coinDrop\src\components\Budget\budgetCard.jsx
    1:8    error    'React' is defined but never used                                                                                     no-unused-vars
   27:23   error    'budget' is missing in props validation                                                                               react/prop-types
   27:31   error    'onEdit' is missing in props validation                                                                               react/prop-types
   27:39   error    'onDelete' is missing in props validation                                                                             react/prop-types
   27:49   error    'onSelect' is missing in props validation                                                                             react/prop-types
   27:59   error    'isSelected' is missing in props validation                                                                           react/prop-types
   32:10   error    'error' is assigned a value but never used                                                                            no-unused-vars
   37:6    warning  React Hook useEffect has a missing dependency: 'fetchSavingsGoals'. Either include it or remove the dependency array  react-hooks/exhaustive-deps
   43:14   error    'error' is defined but never used                                                                                     no-unused-vars
   66:26   error    'budget.spent' is missing in props validation                                                                         react/prop-types
   67:38   error    'budget.amount' is missing in props validation                                                                        react/prop-types
   79:26   error    'budget.spent' is missing in props validation                                                                         react/prop-types
   80:31   error    'budget.amount' is missing in props validation                                                                        react/prop-types
   99:31   error    'budget.walletId' is missing in props validation                                                                      react/prop-types
  159:25   error    'budget.name' is missing in props validation                                                                          react/prop-types
  160:29   error    'budget.type' is missing in props validation                                                                          react/prop-types
  160:34   error    'budget.type.charAt' is missing in props validation                                                                   react/prop-types
  160:67   error    'budget.type' is missing in props validation                                                                          react/prop-types
  160:72   error    'budget.type.slice' is missing in props validation                                                                    react/prop-types
  173:73   error    'budget.spent' is missing in props validation                                                                         react/prop-types
  174:69   error    'budget.amount' is missing in props validation                                                                        react/prop-types
  177:98   error    'budget.category' is missing in props validation                                                                      react/prop-types
  177:107  error    'budget.category.name' is missing in props validation                                                                 react/prop-types
  178:101  error    'budget.startDate' is missing in props validation                                                                     react/prop-types
  178:134  error    'budget.endDate' is missing in props validation                                                                       react/prop-types
  183:99   error    'budget._id' is missing in props validation                                                                           react/prop-types

C:\Users\Administrator\Documents\reactProjects\coinDrip\coinDrop\src\components\Budget\budgetCharts.jsx
   2:8   error  'React' is defined but never used         no-unused-vars
  32:25  error  'budgets' is missing in props validation  react/prop-types

C:\Users\Administrator\Documents\reactProjects\coinDrip\coinDrop\src\components\Budget\budgetGrid.jsx
   1:8   error  'React' is defined but never used                    no-unused-vars
   5:23  error  'budgets' is missing in props validation             react/prop-types
   5:37  error  'onEdit' is missing in props validation              react/prop-types
   5:45  error  'onDelete' is missing in props validation            react/prop-types
   5:55  error  'onSelect' is missing in props validation            react/prop-types
   5:65  error  'selectedBudget' is missing in props validation      react/prop-types
  14:39  error  'selectedBudget._id' is missing in props validation  react/prop-types

C:\Users\Administrator\Documents\reactProjects\coinDrip\coinDrop\src\components\Budget\budgetList.jsx
   1:8   error  'React' is defined but never used          no-unused-vars
   4:35  error  'faEdit' is defined but never used         no-unused-vars
   4:43  error  'faTrash' is defined but never used        no-unused-vars
  12:23  error  'budgets' is missing in props validation   react/prop-types
  12:37  error  'onEdit' is missing in props validation    react/prop-types
  12:45  error  'onDelete' is missing in props validation  react/prop-types

C:\Users\Administrator\Documents\reactProjects\coinDrip\coinDrop\src\components\Budget\budgetManager.jsx
    1:8   error    'React' is defined but never used                                                                                                                         no-unused-vars
   25:22  error    'loading' is assigned a value but never used                                                                                                              no-unused-vars
   29:28  error    'setSelectedBudget' is assigned a value but never used                                                                                                    no-unused-vars
   34:12  error    'isLoading' is assigned a value but never used                                                                                                            no-unused-vars
   35:12  error    'selectedBudgetId' is assigned a value but never used                                                                                                     no-unused-vars
   41:8   warning  React Hook useEffect has missing dependencies: 'fetchBudgets', 'fetchCategories', and 'fetchWallets'. Either include them or remove the dependency array  react-hooks/exhaustive-deps
  101:11  error    'handleEditBudget' is assigned a value but never used                                                                                                     no-unused-vars
  119:11  error    'handleCreateBudget' is assigned a value but never used                                                                                                   no-unused-vars

C:\Users\Administrator\Documents\reactProjects\coinDrip\coinDrop\src\components\Budget\budgetPerformanceChart.jsx
   1:8   error  'React' is defined but never used                     no-unused-vars
   4:35  error  'performanceData' is missing in props validation      react/prop-types
   6:33  error  'performanceData.map' is missing in props validation  react/prop-types
  10:39  error  'performanceData.map' is missing in props validation  react/prop-types
  17:39  error  'performanceData.map' is missing in props validation  react/prop-types

C:\Users\Administrator\Documents\reactProjects\coinDrip\coinDrop\src\components\Budget\budgetTransactionList.jsx
   2:8    error  'React' is defined but never used                     no-unused-vars
   6:34   error  'transactions' is missing in props validation         react/prop-types
   6:48   error  'budget' is missing in props validation               react/prop-types
   8:29   error  'transactions.reduce' is missing in props validation  react/prop-types
   9:27   error  'budget.amount' is missing in props validation        react/prop-types
   9:49   error  'transactions.reduce' is missing in props validation  react/prop-types
  10:35   error  'transactions.reduce' is missing in props validation  react/prop-types
  10:111  error  'budget.amount' is missing in props validation        react/prop-types
  23:44   error  'budget.amount' is missing in props validation        react/prop-types
  29:31   error  'transactions.map' is missing in props validation     react/prop-types

C:\Users\Administrator\Documents\reactProjects\coinDrip\coinDrop\src\components\Budget\createBudgetModal.jsx
    1:8    error  'React' is defined but never used                           no-unused-vars
   19:30   error  'isOpen' is missing in props validation                     react/prop-types
   19:38   error  'onClose' is missing in props validation                    react/prop-types
   19:47   error  'onCreateBudget' is missing in props validation             react/prop-types
   19:63   error  'categories' is missing in props validation                 react/prop-types
   19:75   error  'wallets' is missing in props validation                    react/prop-types
   19:89   error  'userId' is missing in props validation                     react/prop-types
   19:97   error  'budgetData' is missing in props validation                 react/prop-types
   44:34   error  'budgetData.name' is missing in props validation            react/prop-types
   45:36   error  'budgetData.amount' is missing in props validation          react/prop-types
   46:34   error  'budgetData.type' is missing in props validation            react/prop-types
   47:40   error  'budgetData.categoryId' is missing in props validation      react/prop-types
   48:38   error  'budgetData.walletId' is missing in props validation        react/prop-types
   49:39   error  'budgetData.startDate' is missing in props validation       react/prop-types
   49:68   error  'budgetData.startDate' is missing in props validation       react/prop-types
   50:37   error  'budgetData.endDate' is missing in props validation         react/prop-types
   50:64   error  'budgetData.endDate' is missing in props validation         react/prop-types
   52:39   error  'budgetData.metadata' is missing in props validation        react/prop-types
   52:62   error  'budgetData.metadata' is missing in props validation        react/prop-types
   52:71   error  'budgetData.metadata.icon' is missing in props validation   react/prop-types
   52:90   error  'budgetData.metadata' is missing in props validation        react/prop-types
   52:99   error  'budgetData.metadata.icon' is missing in props validation   react/prop-types
   53:40   error  'budgetData.metadata' is missing in props validation        react/prop-types
   53:63   error  'budgetData.metadata' is missing in props validation        react/prop-types
   53:72   error  'budgetData.metadata.color' is missing in props validation  react/prop-types
   53:92   error  'budgetData.metadata' is missing in props validation        react/prop-types
   53:101  error  'budgetData.metadata.color' is missing in props validation  react/prop-types
  123:11   error  'validateBudget' is assigned a value but never used         no-unused-vars
  152:41   error  'categories.map' is missing in props validation             react/prop-types

C:\Users\Administrator\Documents\reactProjects\coinDrip\coinDrop\src\components\Category\CategoryGrid.jsx
  1:8  error  'React' is defined but never used  no-unused-vars

C:\Users\Administrator\Documents\reactProjects\coinDrip\coinDrop\src\components\Category\CategoryHierarchySelector.jsx
    1:8   error    'React' is defined but never used                                                                                  no-unused-vars
   10:5   error    'onSelect' is missing in props validation                                                                          react/prop-types
   11:5   error    'selectedCategory' is missing in props validation                                                                  react/prop-types
   12:5   error    'allowSubcategories' is missing in props validation                                                                react/prop-types
   13:5   error    'budgetType' is missing in props validation                                                                        react/prop-types
   21:8   warning  React Hook useEffect has a missing dependency: 'loadCategories'. Either include it or remove the dependency array  react-hooks/exhaustive-deps
   85:37  error    'selectedCategory._id' is missing in props validation                                                              react/prop-types
  102:41  error    'selectedCategory._id' is missing in props validation                                                              react/prop-types

C:\Users\Administrator\Documents\reactProjects\coinDrip\coinDrop\src\components\Category\categoryManager.jsx
    1:8   error    'React' is defined but never used                                                                                    no-unused-vars
    7:5   error    'faEdit' is defined but never used                                                                                   no-unused-vars
    8:5   error    'faTrash' is defined but never used                                                                                  no-unused-vars
   27:12  error    'deleteConfirm' is assigned a value but never used                                                                   no-unused-vars
   31:12  error    'txError' is assigned a value but never used                                                                         no-unused-vars
   35:8   warning  React Hook useEffect has a missing dependency: 'fetchCategories'. Either include it or remove the dependency array   react-hooks/exhaustive-deps
   39:8   warning  React Hook useEffect has a missing dependency: 'loadTransactions'. Either include it or remove the dependency array  react-hooks/exhaustive-deps
  119:11  error    'handlePanelAdd' is assigned a value but never used                                                                  no-unused-vars

C:\Users\Administrator\Documents\reactProjects\coinDrip\coinDrop\src\components\Category\categoryPanel.jsx
   1:8    error  'React' is defined but never used                      no-unused-vars
   8:5    error  'faPlusCircle' is defined but never used               no-unused-vars
  14:26   error  'categories' is missing in props validation            react/prop-types
  14:43   error  'onAddCategory' is defined but never used              no-unused-vars
  14:43   error  'onAddCategory' is missing in props validation         react/prop-types
  14:58   error  'onSelectCategory' is missing in props validation      react/prop-types
  14:76   error  'selectedCategory' is missing in props validation      react/prop-types
  14:94   error  'onEditCategory' is missing in props validation        react/prop-types
  14:110  error  'onDeleteCategory' is missing in props validation      react/prop-types
  15:11   error  'getTotalAmount' is assigned a value but never used    no-unused-vars
  19:11   error  'formatCurrency' is assigned a value but never used    no-unused-vars
  77:87   error  'selectedCategory._id' is missing in props validation  react/prop-types
  79:74   error  'selectedCategory._id' is missing in props validation  react/prop-types

C:\Users\Administrator\Documents\reactProjects\coinDrip\coinDrop\src\components\Category\expensesbycategoryChart.jsx
   1:8   error    'React' is defined but never used                                                                                    no-unused-vars
  11:36  error    'transactions' is missing in props validation                                                                        react/prop-types
  11:55  error    'categories' is missing in props validation                                                                          react/prop-types
  11:72  error    'loading' is missing in props validation                                                                             react/prop-types
  18:8   warning  React Hook useEffect has a missing dependency: 'prepareChartData'. Either include it or remove the dependency array  react-hooks/exhaustive-deps

C:\Users\Administrator\Documents\reactProjects\coinDrip\coinDrop\src\components\Category\expensesovertimeLineChart.jsx
   1:8   error    'React' is defined but never used                                                                                    no-unused-vars
  30:38  error    'transactions' is missing in props validation                                                                        react/prop-types
  30:57  error    'categories' is assigned a value but never used                                                                      no-unused-vars
  30:57  error    'categories' is missing in props validation                                                                          react/prop-types
  30:74  error    'loading' is missing in props validation                                                                             react/prop-types
  37:8   warning  React Hook useEffect has a missing dependency: 'prepareChartData'. Either include it or remove the dependency array  react-hooks/exhaustive-deps

C:\Users\Administrator\Documents\reactProjects\coinDrip\coinDrop\src\components\Chatbot\chatContainer.jsx
   1:8  error  'React' is defined but never used                 no-unused-vars
   8:5  error  'messages' is missing in props validation         react/prop-types
   9:5  error  'onSendMessage' is missing in props validation    react/prop-types
  10:5  error  'onInsightAction' is missing in props validation  react/prop-types
  11:5  error  'loading' is missing in props validation          react/prop-types
  12:5  error  'error' is missing in props validation            react/prop-types

C:\Users\Administrator\Documents\reactProjects\coinDrip\coinDrop\src\components\Chatbot\chatHeader.jsx
  2:8   error  'React' is defined but never used       no-unused-vars
  7:23  error  'title' is missing in props validation  react/prop-types

C:\Users\Administrator\Documents\reactProjects\coinDrip\coinDrop\src\components\Chatbot\chatInput.jsx
  1:8   error  'React' is defined but never used               no-unused-vars
  3:24  error  'faMicrophone' is defined but never used        no-unused-vars
  6:22  error  'onSendMessage' is missing in props validation  react/prop-types
  6:37  error  'disabled' is missing in props validation       react/prop-types
  6:55  error  'placeholder' is missing in props validation    react/prop-types

C:\Users\Administrator\Documents\reactProjects\coinDrip\coinDrop\src\components\Chatbot\chatMessages.jsx
   1:8   error  'React' is defined but never used                 no-unused-vars
   7:25  error  'messages' is missing in props validation         react/prop-types
   7:40  error  'onInsightAction' is missing in props validation  react/prop-types
   7:57  error  'activeInsight' is defined but never used         no-unused-vars
   7:57  error  'activeInsight' is missing in props validation    react/prop-types
  22:18  error  'e' is defined but never used                     no-unused-vars
  84:22  error  'e' is defined but never used                     no-unused-vars

C:\Users\Administrator\Documents\reactProjects\coinDrip\coinDrop\src\components\Chatbot\chatbotManager.jsx
   1:8   error  'React' is defined but never used                        no-unused-vars
  13:12  error  'contextSuggestions' is assigned a value but never used  no-unused-vars

C:\Users\Administrator\Documents\reactProjects\coinDrip\coinDrop\src\components\Common\ReportSection.jsx
  1:8   error  'React' is defined but never used            no-unused-vars
  6:26  error  'title' is missing in props validation       react/prop-types
  6:33  error  'accountId' is missing in props validation   react/prop-types
  6:44  error  'reportType' is missing in props validation  react/prop-types

C:\Users\Administrator\Documents\reactProjects\coinDrip\coinDrop\src\components\Common\reportButton.jsx
    1:8   error    'React' is defined but never used                                                                       no-unused-vars
   12:7   warning  Fast refresh only works when a file only exports components. Move your component(s) to a separate file  react-refresh/only-export-components
   13:3   error    'accountId' is missing in props validation                                                              react/prop-types
   14:3   error    'label' is missing in props validation                                                                  react/prop-types
   15:3   error    'isGlobal' is missing in props validation                                                               react/prop-types
   16:3   error    'defaultFormat' is missing in props validation                                                          react/prop-types
   17:3   error    'defaultReportType' is missing in props validation                                                      react/prop-types
  197:7   warning  Fast refresh only works when a file only exports components. Move your component(s) to a separate file  react-refresh/only-export-components
  201:1   warning  Fast refresh can't handle anonymous components. Add a name to your export                               react-refresh/only-export-components
  201:16  error    Component definition is missing display name                                                            react/display-name

C:\Users\Administrator\Documents\reactProjects\coinDrip\coinDrop\src\components\Dashboard\dashboardBarChart.jsx
   1:8   error  'React' is defined but never used                no-unused-vars
  14:10  error  'getUserTransactions' is defined but never used  no-unused-vars

C:\Users\Administrator\Documents\reactProjects\coinDrip\coinDrop\src\components\Dashboard\dashboardManager.jsx
  1:8  error  'React' is defined but never used  no-unused-vars

C:\Users\Administrator\Documents\reactProjects\coinDrip\coinDrop\src\components\Dashboard\dashboardPieChart.jsx
  1:8  error  'React' is defined but never used  no-unused-vars

C:\Users\Administrator\Documents\reactProjects\coinDrip\coinDrop\src\components\Dashboard\dashboardQuickNavLinks.jsx
  1:8  error  'React' is defined but never used  no-unused-vars

C:\Users\Administrator\Documents\reactProjects\coinDrip\coinDrop\src\components\Dashboard\dashboardRenderStocksPrices.jsx
  1:8  error  'React' is defined but never used  no-unused-vars

C:\Users\Administrator\Documents\reactProjects\coinDrip\coinDrop\src\components\Dashboard\dashboardTables.jsx
   1:8  error  'React' is defined but never used     no-unused-vars
  11:5  error  'faFilter' is defined but never used  no-unused-vars

C:\Users\Administrator\Documents\reactProjects\coinDrip\coinDrop\src\components\Dashboard\dashboardUserGreetings.jsx
    1:8   error  'React' is defined but never used                                no-unused-vars
  109:59  error  `'` can be escaped with `&apos;`, `&lsquo;`, `&#39;`, `&rsquo;`  react/no-unescaped-entities

C:\Users\Administrator\Documents\reactProjects\coinDrip\coinDrop\src\components\Dashboard\dashboardUserShortAnalytics.jsx
    1:8  error    'React' is defined but never used                                                                                  no-unused-vars
  193:8  warning  React Hook useEffect has a missing dependency: 'fetchAnalytics'. Either include it or remove the dependency array  react-hooks/exhaustive-deps

C:\Users\Administrator\Documents\reactProjects\coinDrip\coinDrop\src\components\Education\commentModal.jsx
   1:8   error    'React' is defined but never used                                                                                 no-unused-vars
  13:25  error    'educationId' is missing in props validation                                                                      react/prop-types
  13:38  error    'onClose' is missing in props validation                                                                          react/prop-types
  13:47  error    'onSubmit' is missing in props validation                                                                         react/prop-types
  13:57  error    'onDelete' is missing in props validation                                                                         react/prop-types
  22:8   warning  React Hook useEffect has a missing dependency: 'fetchComments'. Either include it or remove the dependency array  react-hooks/exhaustive-deps

C:\Users\Administrator\Documents\reactProjects\coinDrip\coinDrop\src\components\Education\educationCard.jsx
    1:8   error  'React' is defined but never used                           no-unused-vars
    4:30  error  'faShare' is defined but never used                         no-unused-vars
   16:26  error  'education' is missing in props validation                  react/prop-types
   19:54  error  'education.isLiked' is missing in props validation          react/prop-types
   64:32  error  'education.images' is missing in props validation           react/prop-types
   64:52  error  'education.images' is missing in props validation           react/prop-types
   64:59  error  'education.images.length' is missing in props validation    react/prop-types
   67:48  error  'education.images' is missing in props validation           react/prop-types
   67:58  error  'education.images[].url' is missing in props validation     react/prop-types
   68:48  error  'education.title' is missing in props validation            react/prop-types
   72:40  error  'education.images' is missing in props validation           react/prop-types
   72:47  error  'education.images.length' is missing in props validation    react/prop-types
   91:48  error  'education.images' is missing in props validation           react/prop-types
   91:55  error  'education.images.length' is missing in props validation    react/prop-types
  114:36  error  'education.title' is missing in props validation            react/prop-types
  123:63  error  'education.details' is missing in props validation          react/prop-types
  138:51  error  'education.date' is missing in props validation             react/prop-types
  151:44  error  'education.likes' is missing in props validation            react/prop-types
  151:51  error  'education.likes.length' is missing in props validation     react/prop-types
  157:52  error  'education.likes' is missing in props validation            react/prop-types
  157:58  error  'education.likes.length' is missing in props validation     react/prop-types
  169:44  error  'education.comments' is missing in props validation         react/prop-types
  169:54  error  'education.comments.length' is missing in props validation  react/prop-types
  175:52  error  'education.comments' is missing in props validation         react/prop-types
  175:61  error  'education.comments.length' is missing in props validation  react/prop-types

C:\Users\Administrator\Documents\reactProjects\coinDrip\coinDrop\src\components\Education\educationFullDetailModal.jsx
    1:8   error  'React' is defined but never used                               no-unused-vars
    9:37  error  'education' is missing in props validation                      react/prop-types
    9:48  error  'isOpen' is missing in props validation                         react/prop-types
    9:56  error  'onClose' is missing in props validation                        react/prop-types
    9:65  error  'onLike' is missing in props validation                         react/prop-types
   21:9   error  'openGallery' is assigned a value but never used                no-unused-vars
   43:28  error  'education.title' is missing in props validation                react/prop-types
   51:26  error  'education.author' is missing in props validation               react/prop-types
   51:33  error  'education.author.profileImage' is missing in props validation  react/prop-types
   53:34  error  'education.author' is missing in props validation               react/prop-types
   53:41  error  'education.author.profileImage' is missing in props validation  react/prop-types
   54:34  error  'education.author' is missing in props validation               react/prop-types
   54:41  error  'education.author.username' is missing in props validation      react/prop-types
   58:32  error  'education.author' is missing in props validation               react/prop-types
   58:39  error  'education.author.username' is missing in props validation      react/prop-types
   61:35  error  'education.date' is missing in props validation                 react/prop-types
   70:51  error  'education.details' is missing in props validation              react/prop-types
   76:53  error  'education.isLiked' is missing in props validation              react/prop-types
   77:49  error  'education.id' is missing in props validation                   react/prop-types
   80:34  error  'education.likes' is missing in props validation                react/prop-types
   80:41  error  'education.likes.length' is missing in props validation         react/prop-types
   84:34  error  'education.comments' is missing in props validation             react/prop-types
   84:44  error  'education.comments.length' is missing in props validation      react/prop-types
   87:24  error  'education.tags' is missing in props validation                 react/prop-types
   89:28  error  'education.tags' is missing in props validation                 react/prop-types
   89:33  error  'education.tags.map' is missing in props validation             react/prop-types
  101:31  error  'education.images' is missing in props validation               react/prop-types

C:\Users\Administrator\Documents\reactProjects\coinDrip\coinDrop\src\components\Education\educationImageGallery.jsx
   1:8   error  'React' is defined but never used               no-unused-vars
   7:34  error  'images' is missing in props validation         react/prop-types
   7:42  error  'initialIndex' is missing in props validation   react/prop-types
   7:60  error  'onClose' is missing in props validation        react/prop-types
  10:27  error  'images.length' is missing in props validation  react/prop-types
  14:55  error  'images.length' is missing in props validation  react/prop-types
  19:54  error  'images.length' is missing in props validation  react/prop-types
  19:71  error  'images.length' is missing in props validation  react/prop-types
  50:55  error  'images[].url' is missing in props validation   react/prop-types
  60:25  error  'images.length' is missing in props validation  react/prop-types
  77:58  error  'images.length' is missing in props validation  react/prop-types
  83:29  error  'images.map' is missing in props validation     react/prop-types

C:\Users\Administrator\Documents\reactProjects\coinDrip\coinDrop\src\components\Education\educationImageUpload.jsx
   1:8  error  'React' is defined but never used               no-unused-vars
   5:8  error  'ImageService' is defined but never used        no-unused-vars
  10:5  error  'onImageUpload' is missing in props validation  react/prop-types
  11:5  error  'onImageRemove' is missing in props validation  react/prop-types
  12:5  error  'currentImages' is missing in props validation  react/prop-types
  13:5  error  'maxImages' is missing in props validation      react/prop-types
  14:5  error  'className' is missing in props validation      react/prop-types

C:\Users\Administrator\Documents\reactProjects\coinDrip\coinDrop\src\components\Education\educationManager.jsx
   1:8   error    'React' is defined but never used                                                                                       no-unused-vars
   1:17  error    'useState' is defined but never used                                                                                    no-unused-vars
  25:20  error    'isDarkMode' is assigned a value but never used                                                                         no-unused-vars
  29:8   warning  React Hook useEffect has a missing dependency: 'fetchEducationPosts'. Either include it or remove the dependency array  react-hooks/exhaustive-deps

C:\Users\Administrator\Documents\reactProjects\coinDrip\coinDrop\src\components\Education\educationNavBar.jsx
  1:8  error  'React' is defined but never used  no-unused-vars

C:\Users\Administrator\Documents\reactProjects\coinDrip\coinDrop\src\components\Education\educationPostsGrid.jsx
  1:8   error  'React' is defined but never used            no-unused-vars
  5:26  error  'educations' is missing in props validation  react/prop-types
  5:43  error  'onEdit' is missing in props validation      react/prop-types
  5:51  error  'onDelete' is missing in props validation    react/prop-types
  5:61  error  'onLike' is missing in props validation      react/prop-types
  5:69  error  'onComment' is missing in props validation   react/prop-types

C:\Users\Administrator\Documents\reactProjects\coinDrip\coinDrop\src\components\Education\educationRenderer.jsx
  2:8   error  'React' is defined but never used                   no-unused-vars
  5:30  error  'content' is missing in props validation            react/prop-types
  5:39  error  'maxLength' is missing in props validation          react/prop-types
  7:30  error  'content.length' is missing in props validation     react/prop-types
  8:34  error  'content.substring' is missing in props validation  react/prop-types

C:\Users\Administrator\Documents\reactProjects\coinDrip\coinDrop\src\components\Education\educationSearchBar.jsx
  1:8   error  'React' is defined but never used          no-unused-vars
  4:31  error  'onSearch' is missing in props validation  react/prop-types

C:\Users\Administrator\Documents\reactProjects\coinDrip\coinDrop\src\components\Education\imageUploadPreview.jsx
   1:8   error  'React' is defined but never used            no-unused-vars
   6:31  error  'images' is missing in props validation      react/prop-types
   6:39  error  'onRemove' is missing in props validation    react/prop-types
  10:25  error  'images.map' is missing in props validation  react/prop-types

C:\Users\Administrator\Documents\reactProjects\coinDrip\coinDrop\src\components\Education\userEducation\PostActionMenu.jsx
  10:27  error  'post' is missing in props validation      react/prop-types
  10:33  error  'onEdit' is missing in props validation    react/prop-types
  10:41  error  'onDelete' is missing in props validation  react/prop-types
  28:19  error  'post._id' is missing in props validation  react/prop-types

C:\Users\Administrator\Documents\reactProjects\coinDrip\coinDrop\src\components\Education\userEducation\createEditEducationPost.jsx
    1:8    error  'React' is defined but never used                                                                                          no-unused-vars
   15:8    error  'EducationImageUpload' is defined but never used                                                                           no-unused-vars
   17:8    error  'ImageUploadPreview' is defined but never used                                                                             no-unused-vars
   18:8    error  'educationService' is defined but never used                                                                               no-unused-vars
   22:7    error  'MAX_DIMENSION' is assigned a value but never used                                                                         no-unused-vars
   24:20   error  'editor' is missing in props validation                                                                                    react/prop-types
   24:28   error  'theme' is missing in props validation                                                                                     react/prop-types
   24:35   error  'setImageFiles' is missing in props validation                                                                             react/prop-types
   24:50   error  'setUploadedImages' is missing in props validation                                                                         react/prop-types
   27:26   error  React Hook "useRef" is called conditionally. React Hooks must be called in the exact same order in every component render  react-hooks/rules-of-hooks
   64:20   error  'editor.chain' is missing in props validation                                                                              react/prop-types
   87:89   error  'theme.backgroundAlt' is missing in props validation                                                                       react/prop-types
   87:117  error  'theme.text' is missing in props validation                                                                                react/prop-types
   97:39   error  'editor.chain' is missing in props validation                                                                              react/prop-types
   98:52   error  'editor.isActive' is missing in props validation                                                                           react/prop-types
   99:40   error  'editor.isActive' is missing in props validation                                                                           react/prop-types
   99:65   error  'theme.accent' is missing in props validation                                                                              react/prop-types
   99:80   error  'theme.text' is missing in props validation                                                                                react/prop-types
  105:39   error  'editor.chain' is missing in props validation                                                                              react/prop-types
  106:35   error  'editor.isActive' is missing in props validation                                                                           react/prop-types
  107:39   error  'theme.text' is missing in props validation                                                                                react/prop-types
  113:39   error  'editor.chain' is missing in props validation                                                                              react/prop-types
  114:35   error  'editor.isActive' is missing in props validation                                                                           react/prop-types
  115:39   error  'theme.text' is missing in props validation                                                                                react/prop-types
  121:39   error  'editor.chain' is missing in props validation                                                                              react/prop-types
  122:35   error  'editor.isActive' is missing in props validation                                                                           react/prop-types
  123:39   error  'theme.text' is missing in props validation                                                                                react/prop-types
  129:39   error  'editor.chain' is missing in props validation                                                                              react/prop-types
  130:35   error  'editor.isActive' is missing in props validation                                                                           react/prop-types
  131:39   error  'theme.text' is missing in props validation                                                                                react/prop-types
  137:39   error  'editor.chain' is missing in props validation                                                                              react/prop-types
  138:35   error  'editor.isActive' is missing in props validation                                                                           react/prop-types
  139:39   error  'theme.text' is missing in props validation                                                                                react/prop-types
  143:57   error  'editor.chain' is missing in props validation                                                                              react/prop-types
  143:109  error  'theme.text' is missing in props validation                                                                                react/prop-types
  146:57   error  'editor.chain' is missing in props validation                                                                              react/prop-types
  146:109  error  'theme.text' is missing in props validation                                                                                react/prop-types
  153:39   error  'theme.text' is missing in props validation                                                                                react/prop-types
  161:36   error  'onSubmit' is missing in props validation                                                                                  react/prop-types
  161:46   error  'onClose' is missing in props validation                                                                                   react/prop-types
  161:55   error  'post' is missing in props validation                                                                                      react/prop-types
  164:12   error  'imageFiles' is assigned a value but never used                                                                            no-unused-vars
  169:12   error  'isUploading' is assigned a value but never used                                                                           no-unused-vars
  241:11   error  'handleImageUpload' is assigned a value but never used                                                                     no-unused-vars

C:\Users\Administrator\Documents\reactProjects\coinDrip\coinDrop\src\components\Education\userEducation\listUserEducationPost.jsx
   3:8   error  'React' is defined but never used                   no-unused-vars
   6:34  error  'educations' is missing in props validation         react/prop-types
   6:46  error  'onEdit' is missing in props validation             react/prop-types
   6:54  error  'onDelete' is missing in props validation           react/prop-types
   6:64  error  'onLike' is missing in props validation             react/prop-types
   6:72  error  'onComment' is missing in props validation          react/prop-types
  11:10  error  'educations.filter' is missing in props validation  react/prop-types
  21:21  error  'educations.length' is missing in props validation  react/prop-types

C:\Users\Administrator\Documents\reactProjects\coinDrip\coinDrop\src\components\Education\userEducation\userEducationInformationBar.jsx
   1:8   error  'React' is defined but never used               no-unused-vars
  11:37  error  'totalPosts' is missing in props validation     react/prop-types
  11:49  error  'user' is missing in props validation           react/prop-types
  11:55  error  'onCreateClick' is missing in props validation  react/prop-types
  31:32  error  'user.username' is missing in props validation  react/prop-types
  38:32  error  'user.email' is missing in props validation     react/prop-types

C:\Users\Administrator\Documents\reactProjects\coinDrip\coinDrop\src\components\Education\userEducation\userEducationManager.jsx
    1:8   error    'React' is defined but never used                                                                                           no-unused-vars
   39:12  error    'isLoading' is assigned a value but never used                                                                              no-unused-vars
   43:8   warning  React Hook useEffect has a missing dependency: 'fetchUserEducationPosts'. Either include it or remove the dependency array  react-hooks/exhaustive-deps
  144:11  error    'handleMenuOpen' is assigned a value but never used                                                                         no-unused-vars
  175:34  error    `'` can be escaped with `&apos;`, `&lsquo;`, `&#39;`, `&rsquo;`                                                             react/no-unescaped-entities

C:\Users\Administrator\Documents\reactProjects\coinDrip\coinDrop\src\components\Education\userEducation\userEducationPostCard.jsx
    1:8   error  'React' is defined but never used                          no-unused-vars
   23:34  error  'post' is missing in props validation                      react/prop-types
   23:40  error  'onLike' is missing in props validation                    react/prop-types
   23:48  error  'onComment' is missing in props validation                 react/prop-types
   23:59  error  'currentUser' is missing in props validation               react/prop-types
   23:72  error  'onEdit' is missing in props validation                    react/prop-types
   23:80  error  'onDelete' is missing in props validation                  react/prop-types
   34:35  error  'currentUser._id' is missing in props validation           react/prop-types
   34:48  error  'post.user' is missing in props validation                 react/prop-types
   34:54  error  'post.user._id' is missing in props validation             react/prop-types
   34:74  error  'currentUser.id' is missing in props validation            react/prop-types
   34:86  error  'post.user' is missing in props validation                 react/prop-types
   51:23  error  'post._id' is missing in props validation                  react/prop-types
   57:28  error  'post._id' is missing in props validation                  react/prop-types
   62:40  error  'post.likes' is missing in props validation                react/prop-types
   62:55  error  'post.likes' is missing in props validation                react/prop-types
   62:61  error  'post.likes.includes' is missing in props validation       react/prop-types
   62:83  error  'currentUser._id' is missing in props validation           react/prop-types
   86:39  error  'post.user' is missing in props validation                 react/prop-types
   86:45  error  'post.user.profilePicture' is missing in props validation  react/prop-types
   87:39  error  'post.user' is missing in props validation                 react/prop-types
   87:45  error  'post.user.username' is missing in props validation        react/prop-types
   92:39  error  'post.author' is missing in props validation               react/prop-types
   92:47  error  'post.author.username' is missing in props validation      react/prop-types
   95:48  error  'post.createdAt' is missing in props validation            react/prop-types
  148:63  error  'post.title' is missing in props validation                react/prop-types
  152:61  error  'post.details' is missing in props validation              react/prop-types
  170:49  error  'post.likes' is missing in props validation                react/prop-types
  170:63  error  'post.likes' is missing in props validation                react/prop-types
  170:69  error  'post.likes.length' is missing in props validation         react/prop-types
  178:49  error  'post.comments' is missing in props validation             react/prop-types
  178:66  error  'post.comments' is missing in props validation             react/prop-types
  178:75  error  'post.comments.length' is missing in props validation      react/prop-types
  185:31  error  'post.comments' is missing in props validation             react/prop-types
  185:41  error  'post.comments.map' is missing in props validation         react/prop-types
  186:47  error  'post._id' is missing in props validation                  react/prop-types
  238:34  error  'post.images' is missing in props validation               react/prop-types

C:\Users\Administrator\Documents\reactProjects\coinDrip\coinDrop\src\components\ErrorBoundary\errorBoundary.jsx
  40:26  error  'process' is not defined                   no-undef
  52:27  error  'children' is missing in props validation  react/prop-types

C:\Users\Administrator\Documents\reactProjects\coinDrip\coinDrop\src\components\LoadingSpinner.jsx
  1:8  error  'React' is defined but never used  no-unused-vars

C:\Users\Administrator\Documents\reactProjects\coinDrip\coinDrop\src\components\Profile\imageUpload.jsx
   1:8   error  'React' is defined but never used                       no-unused-vars
   7:24  error  'onImageUpload' is missing in props validation          react/prop-types
   7:39  error  'onImageRemove' is missing in props validation          react/prop-types
   7:54  error  'currentImage' is missing in props validation           react/prop-types
   7:68  error  'imageType' is missing in props validation              react/prop-types
  11:11  error  'handleImageUpload' is assigned a value but never used  no-unused-vars

C:\Users\Administrator\Documents\reactProjects\coinDrip\coinDrop\src\components\Profile\profileManager.jsx
  1:8  error  'React' is defined but never used  no-unused-vars

C:\Users\Administrator\Documents\reactProjects\coinDrip\coinDrop\src\components\Profile\profileModal.jsx
  1:8   error  'React' is defined but never used          no-unused-vars
  4:25  error  'isOpen' is missing in props validation    react/prop-types
  4:33  error  'onClose' is missing in props validation   react/prop-types
  4:42  error  'title' is missing in props validation     react/prop-types
  4:49  error  'children' is missing in props validation  react/prop-types

C:\Users\Administrator\Documents\reactProjects\coinDrip\coinDrop\src\components\Profile\userProfileDetails.jsx
    1:8   error  'React' is defined but never used                                no-unused-vars
  201:18  error  '_' is defined but never used                                    no-unused-vars
  224:75  error  `'` can be escaped with `&apos;`, `&lsquo;`, `&#39;`, `&rsquo;`  react/no-unescaped-entities

C:\Users\Administrator\Documents\reactProjects\coinDrip\coinDrop\src\components\Profile\userProfileDetailsViewMode.jsx
   1:8   error  'React' is defined but never used                          no-unused-vars
   6:39  error  'user' is missing in props validation                      react/prop-types
   6:45  error  'profile' is missing in props validation                   react/prop-types
  12:33  error  'user.firstName' is missing in props validation            react/prop-types
  12:52  error  'user.lastName' is missing in props validation             react/prop-types
  16:30  error  'user.email' is missing in props validation                react/prop-types
  20:33  error  'profile.phone' is missing in props validation             react/prop-types
  24:30  error  'profile.bio' is missing in props validation               react/prop-types
  28:30  error  'profile.interests' is missing in props validation         react/prop-types
  28:41  error  'profile.interests.join' is missing in props validation    react/prop-types
  32:33  error  'profile.followers' is missing in props validation         react/prop-types
  32:44  error  'profile.followers.length' is missing in props validation  react/prop-types
  36:33  error  'profile.following' is missing in props validation         react/prop-types
  36:44  error  'profile.following.length' is missing in props validation  react/prop-types

C:\Users\Administrator\Documents\reactProjects\coinDrip\coinDrop\src\components\SavingsAccounts\DeleteSavingsAccountModal.jsx
    1:8   error  'React' is defined but never used                                       no-unused-vars
    9:38  error  'show' is missing in props validation                                   react/prop-types
    9:44  error  'handleClose' is missing in props validation                            react/prop-types
    9:57  error  'savingsAccount' is missing in props validation                         react/prop-types
   36:24  error  'savingsAccount._id' is missing in props validation                     react/prop-types
   41:52  error  'savingsAccount._id' is missing in props validation                     react/prop-types
   56:84  error  'savingsAccount.name' is missing in props validation                    react/prop-types
   57:39  error  'savingsAccount._id' is missing in props validation                     react/prop-types
   77:64  error  `"` can be escaped with `&quot;`, `&ldquo;`, `&#34;`, `&rdquo;`         react/no-unescaped-entities
   77:82  error  'savingsAccount.name' is missing in props validation                    react/prop-types
   77:87  error  `"` can be escaped with `&quot;`, `&ldquo;`, `&#34;`, `&rdquo;`         react/no-unescaped-entities
   79:26  error  'savingsAccount.currentBalance' is missing in props validation          react/prop-types
   82:62  error  'savingsAccount.currentBalance' is missing in props validation          react/prop-types
   82:77  error  'savingsAccount.currentBalance.toFixed' is missing in props validation  react/prop-types
  114:52  error  'savingsAccount.currentBalance' is missing in props validation          react/prop-types

C:\Users\Administrator\Documents\reactProjects\coinDrip\coinDrop\src\components\SavingsGoal\NewGoalCard.jsx
   1:8   error  'React' is defined but never used          no-unused-vars
  16:24  error  'onCreate' is missing in props validation  react/prop-types

C:\Users\Administrator\Documents\reactProjects\coinDrip\coinDrop\src\components\SavingsGoal\editGoalModal.jsx
   1:8   error  'React' is defined but never used                    no-unused-vars
  16:26  error  'open' is missing in props validation                react/prop-types
  16:32  error  'onClose' is missing in props validation             react/prop-types
  16:41  error  'goal' is missing in props validation                react/prop-types
  30:28  error  'goal.name' is missing in props validation           react/prop-types
  31:36  error  'goal.targetAmount' is missing in props validation   react/prop-types
  32:37  error  'goal.currentAmount' is missing in props validation  react/prop-types
  33:34  error  'goal.targetDate' is missing in props validation     react/prop-types
  33:58  error  'goal.targetDate' is missing in props validation     react/prop-types
  34:35  error  'goal.description' is missing in props validation    react/prop-types
  78:81  error  'goal._id' is missing in props validation            react/prop-types

C:\Users\Administrator\Documents\reactProjects\coinDrip\coinDrop\src\components\SavingsGoal\newGoalDialog.jsx
   1:8   error  'React' is defined but never used         no-unused-vars
  17:26  error  'open' is missing in props validation     react/prop-types
  17:32  error  'onClose' is missing in props validation  react/prop-types

C:\Users\Administrator\Documents\reactProjects\coinDrip\coinDrop\src\components\SavingsGoal\savingsGoalCard.jsx
    1:8    error    'React' is defined but never used                                                                                no-unused-vars
   31:28   error    'goal' is missing in props validation                                                                            react/prop-types
   31:34   error    'onEdit' is missing in props validation                                                                          react/prop-types
   31:42   error    'onDelete' is missing in props validation                                                                        react/prop-types
   35:38   error    'goal.currentAmount' is missing in props validation                                                              react/prop-types
   35:59   error    'goal.targetAmount' is missing in props validation                                                               react/prop-types
   62:8    warning  React Hook useEffect has a missing dependency: 'fetchSources'. Either include it or remove the dependency array  react-hooks/exhaustive-deps
   82:18   error    'error' is defined but never used                                                                                no-unused-vars
  102:33   error    'goal._id' is missing in props validation                                                                        react/prop-types
  102:45   error    'goal.id' is missing in props validation                                                                         react/prop-types
  143:43   error    'goal.name' is missing in props validation                                                                       react/prop-types
  146:67   error    'goal.deadline' is missing in props validation                                                                   react/prop-types
  160:62   error    'goal._id' is missing in props validation                                                                        react/prop-types
  172:60   error    'goal.currentAmount' is missing in props validation                                                              react/prop-types
  172:99   error    'goal.targetAmount' is missing in props validation                                                               react/prop-types
  181:27   error    'goal.description' is missing in props validation                                                                react/prop-types
  187:35   error    'goal.description' is missing in props validation                                                                react/prop-types
  219:50   error    'goal.name' is missing in props validation                                                                       react/prop-types
  222:64   error    'goal.currentAmount' is missing in props validation                                                              react/prop-types
  222:104  error    'goal.targetAmount' is missing in props validation                                                               react/prop-types
  303:57   error    'goal.name' is missing in props validation                                                                       react/prop-types
  306:38   error    'goal._id' is missing in props validation                                                                        react/prop-types
  306:50   error    'goal.id' is missing in props validation                                                                         react/prop-types

C:\Users\Administrator\Documents\reactProjects\coinDrip\coinDrop\src\components\SavingsGoal\savingsGoalList.jsx
   1:8   error  'React' is defined but never used                no-unused-vars
  13:28  error  'goals' is missing in props validation           react/prop-types
  13:35  error  'onEdit' is defined but never used               no-unused-vars
  13:35  error  'onEdit' is missing in props validation          react/prop-types
  13:43  error  'onDelete' is defined but never used             no-unused-vars
  13:43  error  'onDelete' is missing in props validation        react/prop-types
  13:53  error  'isLoading' is defined but never used            no-unused-vars
  13:53  error  'isLoading' is missing in props validation       react/prop-types
  13:64  error  'error' is missing in props validation           react/prop-types
  13:71  error  'onNewGoal' is missing in props validation       react/prop-types
  15:20  error  'reduxGoals' is assigned a value but never used  no-unused-vars
  15:48  error  'reduxError' is assigned a value but never used  no-unused-vars
  54:16  error  'goals.length' is missing in props validation    react/prop-types
  90:28  error  'goals.map' is missing in props validation       react/prop-types

C:\Users\Administrator\Documents\reactProjects\coinDrip\coinDrop\src\components\SavingsGoal\savingsGoalManager.jsx
   1:8   error    'React' is defined but never used                                                                              no-unused-vars
  19:13  error    'isDarkMode' is assigned a value but never used                                                                no-unused-vars
  29:8   warning  React Hook useEffect has a missing dependency: 'fetchGoals'. Either include it or remove the dependency array  react-hooks/exhaustive-deps
  36:18  error    'error' is defined but never used                                                                              no-unused-vars
  50:18  error    'error' is defined but never used                                                                              no-unused-vars

C:\Users\Administrator\Documents\reactProjects\coinDrip\coinDrop\src\components\Savings\AutomatedSavingsRules.jsx
   1:8   error    'React' is defined but never used                                                                              no-unused-vars
  17:34  error    'goalId' is missing in props validation                                                                        react/prop-types
  17:42  error    'onRuleChange' is missing in props validation                                                                  react/prop-types
  31:8   warning  React Hook useEffect has a missing dependency: 'fetchRules'. Either include it or remove the dependency array  react-hooks/exhaustive-deps

C:\Users\Administrator\Documents\reactProjects\coinDrip\coinDrop\src\components\Savings\SavingsAnalytics.jsx
   1:8   error  'React' is defined but never used                 no-unused-vars
  16:29  error  'accounts' is missing in props validation         react/prop-types
  19:35  error  'accounts.reduce' is missing in props validation  react/prop-types
  20:33  error  'accounts.reduce' is missing in props validation  react/prop-types
  36:29  error  'accounts.length' is missing in props validation  react/prop-types

C:\Users\Administrator\Documents\reactProjects\coinDrip\coinDrop\src\components\Savings\SavingsOperations.jsx
   1:8   error  'React' is defined but never used                      no-unused-vars
  14:5   error  'modalState' is missing in props validation            react/prop-types
  15:5   error  'setModalState' is missing in props validation         react/prop-types
  16:5   error  'handleTransaction' is missing in props validation     react/prop-types
  17:5   error  'selectedAccount' is missing in props validation       react/prop-types
  18:5   error  'transactionAmount' is missing in props validation     react/prop-types
  19:5   error  'setTransactionAmount' is missing in props validation  react/prop-types
  20:5   error  'wallets' is missing in props validation               react/prop-types
  21:5   error  'selectedWallet' is missing in props validation        react/prop-types
  22:5   error  'setSelectedWallet' is missing in props validation     react/prop-types
  34:41  error  'modalState[].open' is missing in props validation     react/prop-types
  65:42  error  'wallets.map' is missing in props validation           react/prop-types

C:\Users\Administrator\Documents\reactProjects\coinDrip\coinDrop\src\components\Savings\editTransactionModal.jsx
  1:8   error  'React' is defined but never used                                                                                                                                                           no-unused-vars
  4:33  error  'isOpen' is missing in props validation                                                                                                                                                     react/prop-types
  4:41  error  'onClose' is missing in props validation                                                                                                                                                    react/prop-types
  4:50  error  'transaction' is missing in props validation                                                                                                                                                react/prop-types
  4:63  error  'onUpdate' is missing in props validation                                                                                                                                                   react/prop-types
  7:33  error  React Hook "useState" is called conditionally. React Hooks must be called in the exact same order in every component render. Did you accidentally call a React Hook after an early return?  react-hooks/rules-of-hooks
  7:54  error  'transaction.amount' is missing in props validation                                                                                                                                         react/prop-types
  8:29  error  React Hook "useState" is called conditionally. React Hooks must be called in the exact same order in every component render. Did you accidentally call a React Hook after an early return?  react-hooks/rules-of-hooks
  8:50  error  'transaction.type' is missing in props validation                                                                                                                                           react/prop-types
  9:43  error  React Hook "useState" is called conditionally. React Hooks must be called in the exact same order in every component render. Did you accidentally call a React Hook after an early return?  react-hooks/rules-of-hooks
  9:64  error  'transaction.description' is missing in props validation                                                                                                                                    react/prop-types

C:\Users\Administrator\Documents\reactProjects\coinDrip\coinDrop\src\components\Savings\savingsAccountCard.jsx
    1:8   error  'React' is defined but never used                 no-unused-vars
   20:5   error  'account' is missing in props validation          react/prop-types
   21:5   error  'onDeposit' is missing in props validation        react/prop-types
   22:5   error  'onWithdraw' is missing in props validation       react/prop-types
   23:5   error  'onEdit' is missing in props validation           react/prop-types
   24:5   error  'onTransfer' is missing in props validation       react/prop-types
   25:5   error  'onDelete' is missing in props validation         react/prop-types
   26:5   error  'onSelect' is missing in props validation         react/prop-types
   27:5   error  'isSelected' is missing in props validation       react/prop-types
   29:13  error  'isDarkMode' is assigned a value but never used   no-unused-vars
   54:32  error  'account._id' is missing in props validation      react/prop-types
   57:36  error  'account._id' is missing in props validation      react/prop-types
   60:34  error  'account._id' is missing in props validation      react/prop-types
   73:45  error  'account._id' is missing in props validation      react/prop-types
   92:34  error  'account.name' is missing in props validation     react/prop-types
  106:45  error  'account.balance' is missing in props validation  react/prop-types
  109:51  error  'account.goal' is missing in props validation     react/prop-types
  122:43  error  'account._id' is missing in props validation      react/prop-types
  131:44  error  'account._id' is missing in props validation      react/prop-types

C:\Users\Administrator\Documents\reactProjects\coinDrip\coinDrop\src\components\Savings\savingsAccountEditDialog.jsx
   1:8   error  'React' is defined but never used                                      no-unused-vars
  12:8   error  'Box' is defined but never used                                        no-unused-vars
  35:7   error  'StyledFormControl' is assigned a value but never used                 no-unused-vars
  41:5   error  'open' is missing in props validation                                  react/prop-types
  42:5   error  'onClose' is missing in props validation                               react/prop-types
  43:5   error  'account' is missing in props validation                               react/prop-types
  44:5   error  'onSave' is missing in props validation                                react/prop-types
  45:5   error  'loading' is missing in props validation                               react/prop-types
  46:5   error  'isNewAccount' is missing in props validation                          react/prop-types
  48:13  error  'user' is assigned a value but never used                              no-unused-vars
  65:31  error  'account.name' is missing in props validation                          react/prop-types
  66:41  error  'account.balance' is missing in props validation                       react/prop-types
  68:38  error  'account.automation' is missing in props validation                    react/prop-types
  68:50  error  'account.automation.enabled' is missing in props validation            react/prop-types
  69:35  error  'account.automation' is missing in props validation                    react/prop-types
  69:47  error  'account.automation.type' is missing in props validation               react/prop-types
  70:37  error  'account.automation' is missing in props validation                    react/prop-types
  70:49  error  'account.automation.amount' is missing in props validation             react/prop-types
  71:41  error  'account.automation' is missing in props validation                    react/prop-types
  71:53  error  'account.automation.percentage' is missing in props validation         react/prop-types
  72:40  error  'account.automation' is missing in props validation                    react/prop-types
  72:52  error  'account.automation.frequency' is missing in props validation          react/prop-types
  73:48  error  'account.automation' is missing in props validation                    react/prop-types
  73:60  error  'account.automation.nextExecutionDate' is missing in props validation  react/prop-types
  74:44  error  'account.automation' is missing in props validation                    react/prop-types
  74:55  error  'account.automation.nextExecutionDate' is missing in props validation  react/prop-types

C:\Users\Administrator\Documents\reactProjects\coinDrip\coinDrop\src\components\Savings\savingsAccountManager.jsx
    1:8    error    'React' is defined but never used                                                                                                      no-unused-vars
    4:8    error    'Paper' is defined but never used                                                                                                      no-unused-vars
    8:8    error    'TextField' is defined but never used                                                                                                  no-unused-vars
   30:13   error    'theme' is assigned a value but never used                                                                                             no-unused-vars
   30:20   error    'isDarkMode' is assigned a value but never used                                                                                        no-unused-vars
   57:8    warning  React Hook useEffect has missing dependencies: 'fetchAccounts' and 'fetchWallets'. Either include them or remove the dependency array  react-hooks/exhaustive-deps
  232:77   error    `"` can be escaped with `&quot;`, `&ldquo;`, `&#34;`, `&rdquo;`                                                                        react/no-unescaped-entities
  232:100  error    `"` can be escaped with `&quot;`, `&ldquo;`, `&#34;`, `&rdquo;`                                                                        react/no-unescaped-entities

C:\Users\Administrator\Documents\reactProjects\coinDrip\coinDrop\src\components\Savings\savingsAccountTransactionTable.jsx
  1:8   error  'React' is defined but never used           no-unused-vars
  2:23  error  'useSelector' is defined but never used     no-unused-vars
  8:43  error  'accountId' is missing in props validation  react/prop-types

C:\Users\Administrator\Documents\reactProjects\coinDrip\coinDrop\src\components\Savings\savingsAccountTransferDialog.jsx
    1:8   error  'React' is defined but never used                               no-unused-vars
   36:5   error  'open' is missing in props validation                           react/prop-types
   37:5   error  'accounts' is missing in props validation                       react/prop-types
   38:5   error  'sourceAccount' is missing in props validation                  react/prop-types
   39:5   error  'onClose' is missing in props validation                        react/prop-types
   40:5   error  'onTransfer' is missing in props validation                     react/prop-types
   57:39  error  'sourceAccount.balance' is missing in props validation          react/prop-types
   85:50  error  'sourceAccount.name' is missing in props validation             react/prop-types
   91:64  error  'sourceAccount.balance' is missing in props validation          react/prop-types
   91:72  error  'sourceAccount.balance.toFixed' is missing in props validation  react/prop-types
  103:39  error  'accounts.map' is missing in props validation                   react/prop-types

C:\Users\Administrator\Documents\reactProjects\coinDrip\coinDrop\src\components\Sidebar\SidebarContext.jsx
   1:8   error    'React' is defined but never used                                                                                               no-unused-vars
   4:14  warning  Fast refresh only works when a file only exports components. Move your React context(s) to a separate file                      react-refresh/only-export-components
   6:35  error    'children' is missing in props validation                                                                                       react/prop-types
  34:14  warning  Fast refresh only works when a file only exports components. Use a new file to share constants or functions between components  react-refresh/only-export-components

C:\Users\Administrator\Documents\reactProjects\coinDrip\coinDrop\src\components\Sidebar\SidebarToggle.jsx
  1:8  error  'React' is defined but never used  no-unused-vars

C:\Users\Administrator\Documents\reactProjects\coinDrip\coinDrop\src\components\Sidebar\ThemeToggle.jsx
  1:8  error  'React' is defined but never used  no-unused-vars

C:\Users\Administrator\Documents\reactProjects\coinDrip\coinDrop\src\components\Sidebar\sideBar.jsx
   1:8   error  'React' is defined but never used                   no-unused-vars
   7:5   error  'faDoorClosed' is defined but never used            no-unused-vars
  27:31  error  'toggleSidebar' is assigned a value but never used  no-unused-vars

C:\Users\Administrator\Documents\reactProjects\coinDrip\coinDrop\src\components\ThemeToggle.jsx
  1:8  error  'React' is defined but never used  no-unused-vars

C:\Users\Administrator\Documents\reactProjects\coinDrip\coinDrop\src\components\Transaction\createTransactionModal.jsx
   1:8    error  'React' is defined but never used                                                                                                                                                              no-unused-vars
   5:35   error  'isOpen' is missing in props validation                                                                                                                                                        react/prop-types
   5:43   error  'onClose' is missing in props validation                                                                                                                                                       react/prop-types
   5:52   error  'onTransactionCreated' is missing in props validation                                                                                                                                          react/prop-types
   5:74   error  'wallets' is missing in props validation                                                                                                                                                       react/prop-types
   5:86   error  'categories' is missing in props validation                                                                                                                                                    react/prop-types
   5:101  error  'budgets' is missing in props validation                                                                                                                                                       react/prop-types
   5:113  error  'savingsAccounts' is missing in props validation                                                                                                                                               react/prop-types
   5:133  error  'initialData' is missing in props validation                                                                                                                                                   react/prop-types
   8:31   error  React Hook "useState" is called conditionally. React Hooks must be called in the exact same order in every component render                                                                    react-hooks/rules-of-hooks
   9:45   error  React Hook "useState" is called conditionally. React Hooks must be called in the exact same order in every component render                                                                    react-hooks/rules-of-hooks
  11:51   error  React Hook "useState" is called conditionally. React Hooks must be called in the exact same order in every component render                                                                    react-hooks/rules-of-hooks
  22:29   error  React Hook "useCallback" is called conditionally. React Hooks must be called in the exact same order in every component render. Did you accidentally call a React Hook after an early return?  react-hooks/rules-of-hooks
  28:5    error  React Hook "useEffect" is called conditionally. React Hooks must be called in the exact same order in every component render. Did you accidentally call a React Hook after an early return?    react-hooks/rules-of-hooks

C:\Users\Administrator\Documents\reactProjects\coinDrip\coinDrop\src\components\Transaction\filterTransactions.jsx
   1:8   error  'React' is defined but never used                          no-unused-vars
   3:20  error  'faWallet' is defined but never used                       no-unused-vars
   3:30  error  'faPiggyBank' is defined but never used                    no-unused-vars
   9:5   error  'filters' is missing in props validation                   react/prop-types
  10:5   error  'setFilters' is missing in props validation                react/prop-types
  11:5   error  'wallets' is missing in props validation                   react/prop-types
  12:5   error  'savingsAccounts' is missing in props validation           react/prop-types
  13:5   error  'onWalletSelect' is missing in props validation            react/prop-types
  14:5   error  'onSavingsSelect' is missing in props validation           react/prop-types
  15:5   error  'categories' is missing in props validation                react/prop-types
  16:5   error  'onCategorySelect' is missing in props validation          react/prop-types
  26:11  error  'clearFilters' is assigned a value but never used          no-unused-vars
  67:49  error  'filters.savingsAccountId' is missing in props validation  react/prop-types
  79:40  error  'filters.startDate' is missing in props validation         react/prop-types
  86:40  error  'filters.endDate' is missing in props validation           react/prop-types
  96:36  error  'filters.category' is missing in props validation          react/prop-types

C:\Users\Administrator\Documents\reactProjects\coinDrip\coinDrop\src\components\Transaction\transactionCard.jsx
   1:8   error  'React' is defined but never used                         no-unused-vars
  13:28  error  'transaction' is missing in props validation              react/prop-types
  13:41  error  'onEdit' is missing in props validation                   react/prop-types
  13:49  error  'onDelete' is missing in props validation                 react/prop-types
  14:20  error  'isDarkMode' is assigned a value but never used           no-unused-vars
  33:28  error  'transaction.type' is missing in props validation         react/prop-types
  46:34  error  'transaction._id' is missing in props validation          react/prop-types
  64:46  error  'transaction.description' is missing in props validation  react/prop-types
  70:57  error  'transaction.date' is missing in props validation         react/prop-types
  77:55  error  'transaction.amount' is missing in props validation       react/prop-types
  77:75  error  'transaction.type' is missing in props validation         react/prop-types

C:\Users\Administrator\Documents\reactProjects\coinDrip\coinDrop\src\components\Transaction\transactionCharts.jsx
   1:8   error  'React' is defined but never used                  no-unused-vars
   4:29  error  'transactions' is missing in props validation      react/prop-types
   6:30  error  'transactions.map' is missing in props validation  react/prop-types
  10:36  error  'transactions.map' is missing in props validation  react/prop-types

C:\Users\Administrator\Documents\reactProjects\coinDrip\coinDrop\src\components\Transaction\transactionList.jsx
    6:28  error  'transactions' is missing in props validation                   react/prop-types
    6:47  error  'onEdit' is missing in props validation                         react/prop-types
    6:55  error  'onDelete' is missing in props validation                       react/prop-types
    6:65  error  'wallets' is missing in props validation                        react/prop-types
    6:79  error  'savingsAccounts' is missing in props validation                react/prop-types
   20:26  error  'row' is missing in props validation                            react/prop-types
   21:45  error  'row.original' is missing in props validation                   react/prop-types
   22:52  error  'row.original.walletId' is missing in props validation          react/prop-types
   23:66  error  'row.original.walletId' is missing in props validation          react/prop-types
   24:74  error  'row.original.savingsAccountId' is missing in props validation  react/prop-types
   36:26  error  'value' is missing in props validation                          react/prop-types
   45:26  error  'value' is missing in props validation                          react/prop-types
   45:33  error  'row' is missing in props validation                            react/prop-types
   46:63  error  'row.original' is missing in props validation                   react/prop-types
   46:72  error  'row.original.type' is missing in props validation              react/prop-types
   47:30  error  'row.original' is missing in props validation                   react/prop-types
   47:39  error  'row.original.type' is missing in props validation              react/prop-types
   54:26  error  'value' is missing in props validation                          react/prop-types
   56:32  error  'value.charAt' is missing in props validation                   react/prop-types
   56:64  error  'value.slice' is missing in props validation                    react/prop-types
   63:26  error  'value' is missing in props validation                          react/prop-types
   84:26  error  'row' is missing in props validation                            react/prop-types
   88:55  error  'row.original' is missing in props validation                   react/prop-types
   89:66  error  'row.original' is missing in props validation                   react/prop-types
   89:75  error  'row.original.description' is missing in props validation       react/prop-types
   98:50  error  'row.original' is missing in props validation                   react/prop-types
   98:59  error  'row.original._id' is missing in props validation               react/prop-types
  101:68  error  'row.original' is missing in props validation                   react/prop-types
  101:77  error  'row.original.description' is missing in props validation       react/prop-types
  166:58  error  'row.getRowProps' is missing in props validation                react/prop-types
  169:38  error  'row.cells' is missing in props validation                      react/prop-types
  169:44  error  'row.cells.map' is missing in props validation                  react/prop-types

C:\Users\Administrator\Documents\reactProjects\coinDrip\coinDrop\src\components\Transaction\transactionManager.jsx
   26:13  error    'isDarkMode' is assigned a value but never used                                                                                           no-unused-vars
   40:8   warning  React Hook useEffect has missing dependencies: 'fetchBudgets' and 'fetchInitialData'. Either include them or remove the dependency array  react-hooks/exhaustive-deps
   62:18  error    'err' is defined but never used                                                                                                           no-unused-vars
   91:18  error    'err' is defined but never used                                                                                                           no-unused-vars
  104:18  error    'err' is defined but never used                                                                                                           no-unused-vars
  120:18  error    'err' is defined but never used                                                                                                           no-unused-vars
  127:11  error    'handleFilterChange' is assigned a value but never used                                                                                   no-unused-vars
  147:11  error    'handleTransfer' is assigned a value but never used                                                                                       no-unused-vars
  169:11  error    'data' is assigned a value but never used                                                                                                 no-unused-vars

C:\Users\Administrator\Documents\reactProjects\coinDrip\coinDrop\src\components\Transaction\transactionSavingsAccountCard.jsx
   1:8   error  'React' is defined but never used                                no-unused-vars
   8:42  error  'savingsAccount' is missing in props validation                  react/prop-types
   8:58  error  'onSelect' is missing in props validation                        react/prop-types
   8:68  error  'selectedId' is missing in props validation                      react/prop-types
  10:54  error  'savingsAccount._id' is missing in props validation              react/prop-types
  15:52  error  'savingsAccount._id' is missing in props validation              react/prop-types
  30:75  error  'savingsAccount.name' is missing in props validation             react/prop-types
  35:38  error  'savingsAccount.balance' is missing in props validation          react/prop-types
  35:46  error  'savingsAccount.balance.toFixed' is missing in props validation  react/prop-types

C:\Users\Administrator\Documents\reactProjects\coinDrip\coinDrop\src\components\Transaction\transactionWalletCard.jsx
   1:8   error  'React' is defined but never used                        no-unused-vars
   8:34  error  'wallet' is missing in props validation                  react/prop-types
   8:42  error  'isSelected' is missing in props validation              react/prop-types
   8:54  error  'onClick' is missing in props validation                 react/prop-types
  29:67  error  'wallet.name' is missing in props validation             react/prop-types
  34:30  error  'wallet.balance' is missing in props validation          react/prop-types
  34:38  error  'wallet.balance.toFixed' is missing in props validation  react/prop-types

C:\Users\Administrator\Documents\reactProjects\coinDrip\coinDrop\src\components\Wallet\editWallet.jsx
   2:8   error  'React' is defined but never used                no-unused-vars
   2:27  error  'useEffect' is defined but never used            no-unused-vars
  11:28  error  'wallet' is missing in props validation          react/prop-types
  11:36  error  'onClose' is missing in props validation         react/prop-types
  11:45  error  'onUpdate' is missing in props validation        react/prop-types
  14:22  error  'wallet.name' is missing in props validation     react/prop-types
  15:22  error  'wallet.type' is missing in props validation     react/prop-types
  16:25  error  'wallet.balance' is missing in props validation  react/prop-types
  17:22  error  'wallet.icon' is missing in props validation     react/prop-types
  32:75  error  'wallet._id' is missing in props validation      react/prop-types

C:\Users\Administrator\Documents\reactProjects\coinDrip\coinDrop\src\components\Wallet\newWallet.jsx
   1:8   error    'React' is defined but never used                                                                               no-unused-vars
  11:28  error    'onWalletCreated' is missing in props validation                                                                react/prop-types
  39:8   warning  React Hook useEffect has a missing dependency: 'handleClose'. Either include it or remove the dependency array  react-hooks/exhaustive-deps

C:\Users\Administrator\Documents\reactProjects\coinDrip\coinDrop\src\components\Wallet\newWalletIcons.jsx
   1:8   error  'React' is defined but never used              no-unused-vars
  30:39  error  'selectedIcon' is missing in props validation  react/prop-types
  30:53  error  'onSelect' is missing in props validation      react/prop-types

C:\Users\Administrator\Documents\reactProjects\coinDrip\coinDrop\src\components\Wallet\walletBudgetList.jsx
   2:8   error  'React' is defined but never used             no-unused-vars
   6:29  error  'budgets' is missing in props validation      react/prop-types
  10:26  error  'budgets.map' is missing in props validation  react/prop-types

C:\Users\Administrator\Documents\reactProjects\coinDrip\coinDrop\src\components\Wallet\walletCard.jsx
    1:8   error  'React' is defined but never used                no-unused-vars
    3:18  error  'AnimatePresence' is defined but never used      no-unused-vars
   22:23  error  'wallet' is missing in props validation          react/prop-types
   22:31  error  'wallets' is missing in props validation         react/prop-types
   22:40  error  'onUpdate' is missing in props validation        react/prop-types
   22:50  error  'onDelete' is missing in props validation        react/prop-types
   22:60  error  'onTransfer' is missing in props validation      react/prop-types
   70:29  error  'wallet._id' is missing in props validation      react/prop-types
  123:47  error  'wallet.name' is missing in props validation     react/prop-types
  137:56  error  'wallet.type' is missing in props validation     react/prop-types
  229:63  error  'wallet.name' is missing in props validation     react/prop-types
  230:33  error  'wallet.name' is missing in props validation     react/prop-types
  232:64  error  'wallet.type' is missing in props validation     react/prop-types
  233:33  error  'wallet.type' is missing in props validation     react/prop-types
  236:61  error  'wallet.balance' is missing in props validation  react/prop-types
  237:70  error  'wallet.balance' is missing in props validation  react/prop-types
  243:37  error  'wallet.balance' is missing in props validation  react/prop-types
  245:47  error  'wallet.balance' is missing in props validation  react/prop-types
  287:53  error  'wallet._id' is missing in props validation      react/prop-types
  310:62  error  'wallet.name' is missing in props validation     react/prop-types
  312:51  error  'wallet._id' is missing in props validation      react/prop-types

C:\Users\Administrator\Documents\reactProjects\coinDrip\coinDrop\src\components\Wallet\walletCharts.jsx
   2:8   error  'React' is defined but never used         no-unused-vars
  24:24  error  'wallets' is missing in props validation  react/prop-types

C:\Users\Administrator\Documents\reactProjects\coinDrip\coinDrop\src\components\Wallet\walletList.jsx
   1:8   error  'React' is defined but never used                no-unused-vars
  10:23  error  'wallets' is missing in props validation         react/prop-types
  10:37  error  'onWalletUpdate' is missing in props validation  react/prop-types
  10:53  error  'onWalletDelete' is missing in props validation  react/prop-types
  10:69  error  'onTransfer' is missing in props validation      react/prop-types

C:\Users\Administrator\Documents\reactProjects\coinDrip\coinDrop\src\components\Wallet\walletManager.jsx
   1:8   error    'React' is defined but never used                                                                                no-unused-vars
   5:10  error    'motion' is defined but never used                                                                               no-unused-vars
   5:18  error    'AnimatePresence' is defined but never used                                                                      no-unused-vars
   7:20  error    'faChartLine' is defined but never used                                                                          no-unused-vars
  20:12  error    'activeView' is assigned a value but never used                                                                  no-unused-vars
  28:8   warning  React Hook useEffect has a missing dependency: 'fetchWallets'. Either include it or remove the dependency array  react-hooks/exhaustive-deps

C:\Users\Administrator\Documents\reactProjects\coinDrip\coinDrop\src\components\Wallet\walletTransfer.jsx
    1:8    error    'React' is defined but never used                                                                               no-unused-vars
   13:27   error    'sourceWallet' is missing in props validation                                                                   react/prop-types
   13:41   error    'wallets' is missing in props validation                                                                        react/prop-types
   13:50   error    'onClose' is missing in props validation                                                                        react/prop-types
   13:59   error    'onTransfer' is missing in props validation                                                                     react/prop-types
   15:36   error    'sourceWallet._id' is missing in props validation                                                               react/prop-types
   37:8    warning  React Hook useEffect has a missing dependency: 'handleClose'. Either include it or remove the dependency array  react-hooks/exhaustive-deps
   63:47   error    'sourceWallet.balance' is missing in props validation                                                           react/prop-types
   97:24   error    'wallets.find' is missing in props validation                                                                   react/prop-types
  168:65   error    'sourceWallet._id' is missing in props validation                                                               react/prop-types
  169:55   error    'sourceWallet.name' is missing in props validation                                                              react/prop-types
  169:90   error    'sourceWallet.balance' is missing in props validation                                                           react/prop-types
  197:57   error    'wallets.filter' is missing in props validation                                                                 react/prop-types
  197:102  error    'sourceWallet._id' is missing in props validation                                                               react/prop-types
  227:72   error    'sourceWallet.balance' is missing in props validation                                                           react/prop-types
  243:63   error    'sourceWallet.name' is missing in props validation                                                              react/prop-types

C:\Users\Administrator\Documents\reactProjects\coinDrip\coinDrop\src\components\userDataComponent.jsx
   8:24  error    'children' is missing in props validation                                                                                                                   react/prop-types
  21:8   warning  React Hook useEffect has missing dependencies: 'fetchBudgets', 'fetchTransactions', and 'fetchWallets'. Either include them or remove the dependency array  react-hooks/exhaustive-deps
  68:14  warning  Fast refresh only works when a file only exports components. Move your React context(s) to a separate file                                                  react-refresh/only-export-components

C:\Users\Administrator\Documents\reactProjects\coinDrip\coinDrop\src\pages\Home.jsx
   1:8   error  'React' is defined but never used                                no-unused-vars
   7:5   error  'faGear' is defined but never used                               no-unused-vars
  70:61  error  `'` can be escaped with `&apos;`, `&lsquo;`, `&#39;`, `&rsquo;`  react/no-unescaped-entities

C:\Users\Administrator\Documents\reactProjects\coinDrip\coinDrop\src\pages\emptyState.jsx
  1:8   error  'React' is defined but never used             no-unused-vars
  4:23  error  'icon' is missing in props validation         react/prop-types
  4:29  error  'title' is missing in props validation        react/prop-types
  4:36  error  'description' is missing in props validation  react/prop-types
  4:49  error  'action' is missing in props validation       react/prop-types

C:\Users\Administrator\Documents\reactProjects\coinDrip\coinDrop\src\routes.jsx
  23:27  error  'children' is missing in props validation  react/prop-types
  35:24  error  'children' is missing in props validation  react/prop-types

C:\Users\Administrator\Documents\reactProjects\coinDrip\coinDrop\src\services\authService.js
   17:5   error  Duplicate key 'PASSWORD_REQUIREMENTS'                 no-dupe-keys
   18:5   error  Duplicate key 'VALIDATION_ERROR'                      no-dupe-keys
   19:5   error  Duplicate key 'SERVER_ERROR'                          no-dupe-keys
  122:17  error  'confirmPassword' is assigned a value but never used  no-unused-vars

C:\Users\Administrator\Documents\reactProjects\coinDrip\coinDrop\src\services\budgetService.js
  41:31  error  'key' is defined but never used  no-unused-vars

C:\Users\Administrator\Documents\reactProjects\coinDrip\coinDrop\src\services\educationService.js
  2:8  error  'imageCompression' is defined but never used  no-unused-vars

C:\Users\Administrator\Documents\reactProjects\coinDrip\coinDrop\src\services\profileService.js
  152:9  error  Unnecessary try/catch wrapper  no-useless-catch

C:\Users\Administrator\Documents\reactProjects\coinDrip\coinDrop\src\services\savingsAccountService.js
  197:5  error  Duplicate key 'withdrawFromSavings'  no-dupe-keys

C:\Users\Administrator\Documents\reactProjects\coinDrip\coinDrop\src\services\walletService.js
  40:9  error  Unnecessary try/catch wrapper  no-useless-catch
  62:9  error  Unnecessary try/catch wrapper  no-useless-catch

C:\Users\Administrator\Documents\reactProjects\coinDrip\coinDrop\src\slices\store.js
  29:40  error  'store' is defined but never used  no-unused-vars

C:\Users\Administrator\Documents\reactProjects\coinDrip\coinDrop\src\theme\ThemeContext.jsx
    1:8   error    'React' is defined but never used                                                                                               no-unused-vars
   44:33  error    'children' is missing in props validation                                                                                       react/prop-types
  107:14  warning  Fast refresh only works when a file only exports components. Use a new file to share constants or functions between components  react-refresh/only-export-components

Γ£û 1495 problems (1468 errors, 27 warnings)

